Component: ARM Compiler 5.06 update 6 (build 750) Tool: armlink [4d35ed]

==============================================================================

Section Cross References

    startup_stm32f103xb.o(RESET) refers to startup_stm32f103xb.o(STACK) for __initial_sp
    startup_stm32f103xb.o(RESET) refers to startup_stm32f103xb.o(.text) for Reset_Handler
    startup_stm32f103xb.o(RESET) refers to stm32f1xx_it.o(i.NMI_Handler) for NMI_Handler
    startup_stm32f103xb.o(RESET) refers to stm32f1xx_it.o(i.HardFault_Handler) for HardFault_Handler
    startup_stm32f103xb.o(RESET) refers to stm32f1xx_it.o(i.MemManage_Handler) for MemManage_Handler
    startup_stm32f103xb.o(RESET) refers to stm32f1xx_it.o(i.BusFault_Handler) for BusFault_Handler
    startup_stm32f103xb.o(RESET) refers to stm32f1xx_it.o(i.UsageFault_Handler) for UsageFault_Handler
    startup_stm32f103xb.o(RESET) refers to port.o(.emb_text) for SVC_Handler
    startup_stm32f103xb.o(RESET) refers to stm32f1xx_it.o(i.DebugMon_Handler) for DebugMon_Handler
    startup_stm32f103xb.o(RESET) refers to stm32f1xx_it.o(i.SysTick_Handler) for SysTick_Handler
    startup_stm32f103xb.o(RESET) refers to stm32f1xx_it.o(i.DMA1_Channel1_IRQHandler) for DMA1_Channel1_IRQHandler
    startup_stm32f103xb.o(RESET) refers to stm32f1xx_it.o(i.DMA1_Channel2_IRQHandler) for DMA1_Channel2_IRQHandler
    startup_stm32f103xb.o(RESET) refers to stm32f1xx_it.o(i.DMA1_Channel3_IRQHandler) for DMA1_Channel3_IRQHandler
    startup_stm32f103xb.o(RESET) refers to stm32f1xx_it.o(i.DMA1_Channel4_IRQHandler) for DMA1_Channel4_IRQHandler
    startup_stm32f103xb.o(RESET) refers to stm32f1xx_it.o(i.DMA1_Channel5_IRQHandler) for DMA1_Channel5_IRQHandler
    startup_stm32f103xb.o(RESET) refers to stm32f1xx_it.o(i.TIM2_IRQHandler) for TIM2_IRQHandler
    startup_stm32f103xb.o(RESET) refers to stm32f1xx_it.o(i.USART1_IRQHandler) for USART1_IRQHandler
    startup_stm32f103xb.o(RESET) refers to stm32f1xx_it.o(i.USART3_IRQHandler) for USART3_IRQHandler
    startup_stm32f103xb.o(.text) refers to system_stm32f1xx.o(i.SystemInit) for SystemInit
    startup_stm32f103xb.o(.text) refers to entry.o(.ARM.Collect$$$$00000000) for __main
    main.o(i.SystemClock_Config) refers to stm32f1xx_hal_rcc.o(i.HAL_RCC_OscConfig) for HAL_RCC_OscConfig
    main.o(i.SystemClock_Config) refers to main.o(i._Error_Handler) for _Error_Handler
    main.o(i.SystemClock_Config) refers to stm32f1xx_hal_rcc.o(i.HAL_RCC_ClockConfig) for HAL_RCC_ClockConfig
    main.o(i.SystemClock_Config) refers to stm32f1xx_hal_rcc_ex.o(i.HAL_RCCEx_PeriphCLKConfig) for HAL_RCCEx_PeriphCLKConfig
    main.o(i.SystemClock_Config) refers to stm32f1xx_hal_rcc.o(i.HAL_RCC_GetHCLKFreq) for HAL_RCC_GetHCLKFreq
    main.o(i.SystemClock_Config) refers to stm32f1xx_hal_cortex.o(i.HAL_SYSTICK_Config) for HAL_SYSTICK_Config
    main.o(i.SystemClock_Config) refers to stm32f1xx_hal_cortex.o(i.HAL_SYSTICK_CLKSourceConfig) for HAL_SYSTICK_CLKSourceConfig
    main.o(i.SystemClock_Config) refers to stm32f1xx_hal_cortex.o(i.HAL_NVIC_SetPriority) for HAL_NVIC_SetPriority
    main.o(i.main) refers to stm32f1xx_hal.o(i.HAL_Init) for HAL_Init
    main.o(i.main) refers to main.o(i.SystemClock_Config) for SystemClock_Config
    main.o(i.main) refers to gpio.o(i.MX_GPIO_Init) for MX_GPIO_Init
    main.o(i.main) refers to dma.o(i.MX_DMA_Init) for MX_DMA_Init
    main.o(i.main) refers to adc.o(i.MX_ADC1_Init) for MX_ADC1_Init
    main.o(i.main) refers to iwdg.o(i.MX_IWDG_Init) for MX_IWDG_Init
    main.o(i.main) refers to tim.o(i.MX_TIM2_Init) for MX_TIM2_Init
    main.o(i.main) refers to tim.o(i.MX_TIM3_Init) for MX_TIM3_Init
    main.o(i.main) refers to tim.o(i.MX_TIM4_Init) for MX_TIM4_Init
    main.o(i.main) refers to usart.o(i.MX_USART1_UART_Init) for MX_USART1_UART_Init
    main.o(i.main) refers to usart.o(i.MX_USART3_UART_Init) for MX_USART3_UART_Init
    main.o(i.main) refers to stm32f1xx_hal_gpio.o(i.HAL_GPIO_WritePin) for HAL_GPIO_WritePin
    main.o(i.main) refers to stm32f1xx_hal_tim.o(i.HAL_TIM_Base_Start_IT) for HAL_TIM_Base_Start_IT
    main.o(i.main) refers to stm32f1xx_hal_adc_ex.o(i.HAL_ADCEx_Calibration_Start) for HAL_ADCEx_Calibration_Start
    main.o(i.main) refers to stm32f1xx_hal_adc.o(i.HAL_ADC_Start_DMA) for HAL_ADC_Start_DMA
    main.o(i.main) refers to stm32f1xx_hal_uart.o(i.HAL_UART_Receive_DMA) for HAL_UART_Receive_DMA
    main.o(i.main) refers to main.o(i._Error_Handler) for _Error_Handler
    main.o(i.main) refers to freertos.o(i.MX_FREERTOS_Init) for MX_FREERTOS_Init
    main.o(i.main) refers to cmsis_os.o(i.osKernelStart) for osKernelStart
    main.o(i.main) refers to tim.o(.bss) for htim2
    main.o(i.main) refers to adc.o(.bss) for hadc1
    main.o(i.main) refers to main.o(.bss) for uhADCxConvertedValue
    main.o(i.main) refers to usart.o(.bss) for huart3
    main.o(i.main) refers to stm32f1xx_it.o(.bss) for UART3ReceiveData
[...]

Image Symbol Table

    Local Symbols

    Symbol Name                              Value     Ov Type        Size  Object(Section)

    ..//Src/system_stm32f1xx.c               0x00000000   Number         0  system_stm32f1xx.o ABSOLUTE
    ../Drivers/STM32F1xx_HAL_Driver/Src/stm32f1xx_hal.c 0x00000000   Number         0  stm32f1xx_hal.o ABSOLUTE
    ../Drivers/STM32F1xx_HAL_Driver/Src/stm32f1xx_hal_adc.c 0x00000000   Number         0  stm32f1xx_hal_adc.o ABSOLUTE
    ../Drivers/STM32F1xx_HAL_Driver/Src/stm32f1xx_hal_adc_ex.c 0x00000000   Number         0  stm32f1xx_hal_adc_ex.o ABSOLUTE
    ../Drivers/STM32F1xx_HAL_Driver/Src/stm32f1xx_hal_cortex.c 0x00000000   Number         0  stm32f1xx_hal_cortex.o ABSOLUTE
    ../Drivers/STM32F1xx_HAL_Driver/Src/stm32f1xx_hal_dma.c 0x00000000   Number         0  stm32f1xx_hal_dma.o ABSOLUTE
    ../Drivers/STM32F1xx_HAL_Driver/Src/stm32f1xx_hal_flash.c 0x00000000   Number         0  stm32f1xx_hal_flash.o ABSOLUTE
    ../Drivers/STM32F1xx_HAL_Driver/Src/stm32f1xx_hal_flash_ex.c 0x00000000   Number         0  stm32f1xx_hal_flash_ex.o ABSOLUTE
    ../Drivers/STM32F1xx_HAL_Driver/Src/stm32f1xx_hal_gpio.c 0x00000000   Number         0  stm32f1xx_hal_gpio.o ABSOLUTE
    ../Drivers/STM32F1xx_HAL_Driver/Src/stm32f1xx_hal_gpio_ex.c 0x00000000   Number         0  stm32f1xx_hal_gpio_ex.o ABSOLUTE
    ../Drivers/STM32F1xx_HAL_Driver/Src/stm32f1xx_hal_iwdg.c 0x00000000   Number         0  stm32f1xx_hal_iwdg.o ABSOLUTE
    ../Drivers/STM32F1xx_HAL_Driver/Src/stm32f1xx_hal_pwr.c 0x00000000   Number         0  stm32f1xx_hal_pwr.o ABSOLUTE
    ../Drivers/STM32F1xx_HAL_Driver/Src/stm32f1xx_hal_rcc.c 0x00000000   Number         0  stm32f1xx_hal_rcc.o ABSOLUTE
    ../Drivers/STM32F1xx_HAL_Driver/Src/stm32f1xx_hal_rcc_ex.c 0x00000000   Number         0  stm32f1xx_hal_rcc_ex.o ABSOLUTE
    ../Drivers/STM32F1xx_HAL_Driver/Src/stm32f1xx_hal_tim.c 0x00000000   Number         0  stm32f1xx_hal_tim.o ABSOLUTE
    ../Drivers/STM32F1xx_HAL_Driver/Src/stm32f1xx_hal_tim_ex.c 0x00000000   Number         0  stm32f1xx_hal_tim_ex.o ABSOLUTE
    ../Drivers/STM32F1xx_HAL_Driver/Src/stm32f1xx_hal_uart.c 0x00000000   Number         0  stm32f1xx_hal_uart.o ABSOLUTE
    ../Middlewares/Third_Party/FreeRTOS/Source/CMSIS_RTOS/cmsis_os.c 0x00000000   Number         0  cmsis_os.o ABSOLUTE
    ../Middlewares/Third_Party/FreeRTOS/Source/croutine.c 0x00000000   Number         0  croutine.o ABSOLUTE
    ../Middlewares/Third_Party/FreeRTOS/Source/event_groups.c 0x00000000   Number         0  event_groups.o ABSOLUTE
    ../Middlewares/Third_Party/FreeRTOS/Source/list.c 0x00000000   Number         0  list.o ABSOLUTE
    ../Middlewares/Third_Party/FreeRTOS/Source/portable/MemMang/heap_4.c 0x00000000   Number         0  heap_4.o ABSOLUTE
    ../Middlewares/Third_Party/FreeRTOS/Source/portable/RVDS/ARM_CM3/port.c 0x00000000   Number         0  port.o ABSOLUTE
    ../Middlewares/Third_Party/FreeRTOS/Source/queue.c 0x00000000   Number         0  queue.o ABSOLUTE
    ../Middlewares/Third_Party/FreeRTOS/Source/tasks.c 0x00000000   Number         0  tasks.o ABSOLUTE
    ../Middlewares/Third_Party/FreeRTOS/Source/timers.c 0x00000000   Number         0  timers.o ABSOLUTE
    ../Src/adc.c                             0x00000000   Number         0  adc.o ABSOLUTE
    ../Src/dma.c                             0x00000000   Number         0  dma.o ABSOLUTE
    ../Src/freertos.c                        0x00000000   Number         0  freertos.o ABSOLUTE
    ../Src/gpio.c                            0x00000000   Number         0  gpio.o ABSOLUTE
    ../Src/iwdg.c                            0x00000000   Number         0  iwdg.o ABSOLUTE
    ../Src/main.c                            0x00000000   Number         0  main.o ABSOLUTE
    ../Src/stm32f1xx_hal_msp.c               0x00000000   Number         0  stm32f1xx_hal_msp.o ABSOLUTE
    ../Src/stm32f1xx_it.c                    0x00000000   Number         0  stm32f1xx_it.o ABSOLUTE
    ../Src/tim.c                             0x00000000   Number         0  tim.o ABSOLUTE
    ../Src/usart.c                           0x00000000   Number         0  usart.o ABSOLUTE
    ../clib/microlib/init/entry.s            0x00000000   Number         0  entry11a.o ABSOLUTE
    ../clib/microlib/init/entry.s            0x00000000   Number         0  entry5.o ABSOLUTE
    ../clib/microlib/init/entry.s            0x00000000   Number         0  entry2.o ABSOLUTE
    ../clib/microlib/init/entry.s            0x00000000   Number         0  entry10b.o ABSOLUTE
    ../clib/microlib/init/entry.s            0x00000000   Number         0  entry.o ABSOLUTE
    ../clib/microlib/init/entry.s            0x00000000   Number         0  entry11b.o ABSOLUTE
    ../clib/microlib/init/entry.s            0x00000000   Number         0  entry10a.o ABSOLUTE
    ../clib/microlib/init/entry.s            0x00000000   Number         0  entry9b.o ABSOLUTE
    ../clib/microlib/init/entry.s            0x00000000   Number         0  entry9a.o ABSOLUTE
    ../clib/microlib/init/entry.s            0x00000000   Number         0  entry8b.o ABSOLUTE
    ../clib/microlib/init/entry.s            0x00000000   Number         0  entry8a.o ABSOLUTE
    ../clib/microlib/init/entry.s            0x00000000   Number         0  entry7b.o ABSOLUTE
    ../clib/microlib/init/entry.s            0x00000000   Number         0  entry7a.o ABSOLUTE
    ../clib/microlib/longlong.c              0x00000000   Number         0  llshl.o ABSOLUTE
    ../clib/microlib/longlong.c              0x00000000   Number         0  llsshr.o ABSOLUTE
    ../clib/microlib/longlong.c              0x00000000   Number         0  llushr.o ABSOLUTE
    ../clib/microlib/string/memcpy.c         0x00000000   Number         0  memcpya.o ABSOLUTE
    ../clib/microlib/string/memcpy.c         0x00000000   Number         0  memcpyb.o ABSOLUTE
    ../clib/microlib/stubs.s                 0x00000000   Number         0  iusefp.o ABSOLUTE
    ../fplib/microlib/d2f.c                  0x00000000   Number         0  d2f.o ABSOLUTE
    ../fplib/microlib/f2d.c                  0x00000000   Number         0  f2d.o ABSOLUTE
    ../fplib/microlib/fpadd.c                0x00000000   Number         0  dadd.o ABSOLUTE
    ../fplib/microlib/fpadd.c                0x00000000   Number         0  fadd.o ABSOLUTE
    ../fplib/microlib/fpepilogue.c           0x00000000   Number         0  depilogue.o ABSOLUTE
    ../fplib/microlib/fpepilogue.c           0x00000000   Number         0  fepilogue.o ABSOLUTE
    ../fplib/microlib/fpflt.c                0x00000000   Number         0  dfltui.o ABSOLUTE
    ../fplib/microlib/fpflt.c                0x00000000   Number         0  fflti.o ABSOLUTE
    ../fplib/microlib/fpmul.c                0x00000000   Number         0  dmul.o ABSOLUTE
    ..\Drivers\STM32F1xx_HAL_Driver\Src\stm32f1xx_hal.c 0x00000000   Number         0  stm32f1xx_hal.o ABSOLUTE
    ..\Drivers\STM32F1xx_HAL_Driver\Src\stm32f1xx_hal_adc.c 0x00000000   Number         0  stm32f1xx_hal_adc.o ABSOLUTE
    ..\Drivers\STM32F1xx_HAL_Driver\Src\stm32f1xx_hal_adc_ex.c 0x00000000   Number         0  stm32f1xx_hal_adc_ex.o ABSOLUTE
    ..\Drivers\STM32F1xx_HAL_Driver\Src\stm32f1xx_hal_cortex.c 0x00000000   Number         0  stm32f1xx_hal_cortex.o ABSOLUTE
    ..\Drivers\STM32F1xx_HAL_Driver\Src\stm32f1xx_hal_dma.c 0x00000000   Number         0  stm32f1xx_hal_dma.o ABSOLUTE
    ..\Drivers\STM32F1xx_HAL_Driver\Src\stm32f1xx_hal_flash.c 0x00000000   Number         0  stm32f1xx_hal_flash.o ABSOLUTE
    ..\Drivers\STM32F1xx_HAL_Driver\Src\stm32f1xx_hal_flash_ex.c 0x00000000   Number         0  stm32f1xx_hal_flash_ex.o ABSOLUTE
    ..\Drivers\STM32F1xx_HAL_Driver\Src\stm32f1xx_hal_gpio.c 0x00000000   Number         0  stm32f1xx_hal_gpio.o ABSOLUTE
    ..\Drivers\STM32F1xx_HAL_Driver\Src\stm32f1xx_hal_gpio_ex.c 0x00000000   Number         0  stm32f1xx_hal_gpio_ex.o ABSOLUTE
    ..\Drivers\STM32F1xx_HAL_Driver\Src\stm32f1xx_hal_iwdg.c 0x00000000   Number         0  stm32f1xx_hal_iwdg.o ABSOLUTE
    ..\Drivers\STM32F1xx_HAL_Driver\Src\stm32f1xx_hal_pwr.c 0x00000000   Number         0  stm32f1xx_hal_pwr.o ABSOLUTE
    ..\Drivers\STM32F1xx_HAL_Driver\Src\stm32f1xx_hal_rcc.c 0x00000000   Number         0  stm32f1xx_hal_rcc.o ABSOLUTE
    ..\Drivers\STM32F1xx_HAL_Driver\Src\stm32f1xx_hal_rcc_ex.c 0x00000000   Number         0  stm32f1xx_hal_rcc_ex.o ABSOLUTE
    ..\Drivers\STM32F1xx_HAL_Driver\Src\stm32f1xx_hal_tim.c 0x00000000   Number         0  stm32f1xx_hal_tim.o ABSOLUTE
    ..\Drivers\STM32F1xx_HAL_Driver\Src\stm32f1xx_hal_tim_ex.c 0x00000000   Number         0  stm32f1xx_hal_tim_ex.o ABSOLUTE
    ..\Drivers\STM32F1xx_HAL_Driver\Src\stm32f1xx_hal_uart.c 0x00000000   Number         0  stm32f1xx_hal_uart.o ABSOLUTE
    ..\Middlewares\Third_Party\FreeRTOS\Source\CMSIS_RTOS\cmsis_os.c 0x00000000   Number         0  cmsis_os.o ABSOLUTE
    ..\Middlewares\Third_Party\FreeRTOS\Source\portable\RVDS\ARM_CM3\port.c 0x00000000   Number         0  port.o ABSOLUTE
    ..\MySrc\MyDrive.c                       0x00000000   Number         0  mydrive.o ABSOLUTE
    ..\MySrc\Thread_motorControl.c           0x00000000   Number         0  thread_motorcontrol.o ABSOLUTE
    ..\MySrc\Thread_process.c                0x00000000   Number         0  thread_process.o ABSOLUTE
    ..\Src\adc.c                             0x00000000   Number         0  adc.o ABSOLUTE
    ..\Src\dma.c                             0x00000000   Number         0  dma.o ABSOLUTE
    ..\Src\freertos.c                        0x00000000   Number         0  freertos.o ABSOLUTE
    ..\Src\gpio.c                            0x00000000   Number         0  gpio.o ABSOLUTE
    ..\Src\iwdg.c                            0x00000000   Number         0  iwdg.o ABSOLUTE
    ..\Src\main.c                            0x00000000   Number         0  main.o ABSOLUTE
    ..\Src\stm32f1xx_hal_msp.c               0x00000000   Number         0  stm32f1xx_hal_msp.o ABSOLUTE
    ..\Src\stm32f1xx_it.c                    0x00000000   Number         0  stm32f1xx_it.o ABSOLUTE
    ..\Src\tim.c                             0x00000000   Number         0  tim.o ABSOLUTE
    ..\Src\usart.c                           0x00000000   Number         0  usart.o ABSOLUTE
    ..\\MySrc\\MyDrive.c                     0x00000000   Number         0  mydrive.o ABSOLUTE
    ..\\MySrc\\Thread_motorControl.c         0x00000000   Number         0  thread_motorcontrol.o ABSOLUTE
    ..\\MySrc\\Thread_process.c              0x00000000   Number         0  thread_process.o ABSOLUTE
    ..\\Src\system_stm32f1xx.c               0x00000000   Number         0  system_stm32f1xx.o ABSOLUTE
    cdrcmple.s                               0x00000000   Number         0  cdrcmple.o ABSOLUTE
    cfcmple.s                                0x00000000   Number         0  cfcmple.o ABSOLUTE
    cfrcmple.s                               0x00000000   Number         0  cfrcmple.o ABSOLUTE
    dc.s                                     0x00000000   Number         0  dc.o ABSOLUTE
    handlers.s                               0x00000000   Number         0  handlers.o ABSOLUTE
    init.s                                   0x00000000   Number         0  init.o ABSOLUTE
    startup_stm32f103xb.s                    0x00000000   Number         0  startup_stm32f103xb.o ABSOLUTE
    RESET                                    0x08000000   Section      236  startup_stm32f103xb.o(RESET)
    .ARM.Collect$$$$00000000                 0x080000ec   Section        0  entry.o(.ARM.Collect$$$$00000000)
    .ARM.Collect$$$$00000001                 0x080000ec   Section        4  entry2.o(.ARM.Collect$$$$00000001)
    .ARM.Collect$$$$00000004                 0x080000f0   Section        4  entry5.o(.ARM.Collect$$$$00000004)
    .ARM.Collect$$$$00000008                 0x080000f4   Section        0  entry7b.o(.ARM.Collect$$$$00000008)
    .ARM.Collect$$$$0000000A                 0x080000f4   Section        0  entry8b.o(.ARM.Collect$$$$0000000A)
    .ARM.Collect$$$$0000000B                 0x080000f4   Section        8  entry9a.o(.ARM.Collect$$$$0000000B)
    .ARM.Collect$$$$0000000D                 0x080000fc   Section        0  entry10a.o(.ARM.Collect$$$$0000000D)
    .ARM.Collect$$$$0000000F                 0x080000fc   Section        0  entry11a.o(.ARM.Collect$$$$0000000F)
    .ARM.Collect$$$$00002712                 0x080000fc   Section        4  entry2.o(.ARM.Collect$$$$00002712)
    __lit__00000000                          0x080000fc   Data           4  entry2.o(.ARM.Collect$$$$00002712)
    .emb_text                                0x08000100   Section      150  port.o(.emb_text)
    .text                                    0x08000198   Section       36  startup_stm32f103xb.o(.text)
    .text                                    0x080001bc   Section        0  memcpya.o(.text)
    .text                                    0x080001e0   Section       36  init.o(.text)
    i.ADC_ConversionStop_Disable             0x08000204   Section        0  stm32f1xx_hal_adc.o(i.ADC_ConversionStop_Disable)
    i.ADC_DMAConvCplt                        0x08000256   Section        0  stm32f1xx_hal_adc.o(i.ADC_DMAConvCplt)
    i.ADC_DMAError                           0x080002a8   Section        0  stm32f1xx_hal_adc.o(i.ADC_DMAError)
    i.ADC_DMAHalfConvCplt                    0x080002c6   Section        0  stm32f1xx_hal_adc.o(i.ADC_DMAHalfConvCplt)
    i.ADC_Enable                             0x080002d4   Section        0  stm32f1xx_hal_adc.o(i.ADC_Enable)
    i.BusFault_Handler                       0x08000358   Section        0  stm32f1xx_it.o(i.BusFault_Handler)
    i.DMA1_Channel1_IRQHandler               0x0800035c   Section        0  stm32f1xx_it.o(i.DMA1_Channel1_IRQHandler)
    i.DMA1_Channel2_IRQHandler               0x0800036c   Section        0  stm32f1xx_it.o(i.DMA1_Channel2_IRQHandler)
    i.DMA1_Channel3_IRQHandler               0x0800037c   Section        0  stm32f1xx_it.o(i.DMA1_Channel3_IRQHandler)
    i.DMA1_Channel4_IRQHandler               0x0800038c   Section        0  stm32f1xx_it.o(i.DMA1_Channel4_IRQHandler)
    i.DMA1_Channel5_IRQHandler               0x0800039c   Section        0  stm32f1xx_it.o(i.DMA1_Channel5_IRQHandler)
    i.DMA_SetConfig                          0x080003ac   Section        0  stm32f1xx_hal_dma.o(i.DMA_SetConfig)
    DMA_SetConfig                            0x080003ad   Thumb Code    44  stm32f1xx_hal_dma.o(i.DMA_SetConfig)
    i.DebugMon_Handler                       0x080003d8   Section        0  stm32f1xx_it.o(i.DebugMon_Handler)
    i.HAL_ADCEx_Calibration_Start            0x080003dc   Section        0  stm32f1xx_hal_adc_ex.o(i.HAL_ADCEx_Calibration_Start)
    i.HAL_ADC_ConfigChannel                  0x080004e0   Section        0  stm32f1xx_hal_adc.o(i.HAL_ADC_ConfigChannel)
    i.HAL_ADC_ConvCpltCallback               0x08000640   Section        0  stm32f1xx_hal_adc.o(i.HAL_ADC_ConvCpltCallback)
    i.HAL_ADC_ConvHalfCpltCallback           0x08000642   Section        0  stm32f1xx_hal_adc.o(i.HAL_ADC_ConvHalfCpltCallback)
    i.HAL_ADC_ErrorCallback                  0x08000644   Section        0  stm32f1xx_hal_adc.o(i.HAL_ADC_ErrorCallback)
    i.HAL_ADC_Init                           0x08000648   Section        0  stm32f1xx_hal_adc.o(i.HAL_ADC_Init)
    i.HAL_ADC_MspInit                        0x0800078c   Section        0  adc.o(i.HAL_ADC_MspInit)
    i.HAL_ADC_Start_DMA                      0x08000850   Section        0  stm32f1xx_hal_adc.o(i.HAL_ADC_Start_DMA)
    i.HAL_DMA_Abort                          0x080009d0   Section        0  stm32f1xx_hal_dma.o(i.HAL_DMA_Abort)
    i.HAL_DMA_Abort_IT                       0x08000a0c   Section        0  stm32f1xx_hal_dma.o(i.HAL_DMA_Abort_IT)
    i.HAL_DMA_IRQHandler                     0x08000abc   Section        0  stm32f1xx_hal_dma.o(i.HAL_DMA_IRQHandler)
    i.HAL_DMA_Init                           0x08000c58   Section        0  stm32f1xx_hal_dma.o(i.HAL_DMA_Init)
    i.HAL_DMA_Start_IT                       0x08000cc8   Section        0  stm32f1xx_hal_dma.o(i.HAL_DMA_Start_IT)
    i.HAL_GPIO_Init                          0x08000d64   Section        0  stm32f1xx_hal_gpio.o(i.HAL_GPIO_Init)
    i.HAL_GPIO_ReadPin                       0x08001080   Section        0  stm32f1xx_hal_gpio.o(i.HAL_GPIO_ReadPin)
    i.HAL_GPIO_TogglePin                     0x08001090   Section        0  stm32f1xx_hal_gpio.o(i.HAL_GPIO_TogglePin)
    i.HAL_GPIO_WritePin                      0x08001098   Section        0  stm32f1xx_hal_gpio.o(i.HAL_GPIO_WritePin)
    i.HAL_GetTick                            0x080010a4   Section        0  stm32f1xx_hal.o(i.HAL_GetTick)
    i.HAL_IWDG_Init                          0x080010b0   Section        0  stm32f1xx_hal_iwdg.o(i.HAL_IWDG_Init)
    i.HAL_IWDG_Refresh                       0x08001100   Section        0  stm32f1xx_hal_iwdg.o(i.HAL_IWDG_Refresh)
    i.HAL_IncTick                            0x08001110   Section        0  stm32f1xx_hal.o(i.HAL_IncTick)
    i.HAL_Init                               0x08001128   Section        0  stm32f1xx_hal.o(i.HAL_Init)
    i.HAL_InitTick                           0x08001150   Section        0  stm32f1xx_hal.o(i.HAL_InitTick)
    i.HAL_MspInit                            0x0800119c   Section        0  stm32f1xx_hal_msp.o(i.HAL_MspInit)
    i.HAL_NVIC_EnableIRQ                     0x08001244   Section        0  stm32f1xx_hal_cortex.o(i.HAL_NVIC_EnableIRQ)
    i.HAL_NVIC_SetPriority                   0x0800125e   Section        0  stm32f1xx_hal_cortex.o(i.HAL_NVIC_SetPriority)
    i.HAL_NVIC_SetPriorityGrouping           0x080012dc   Section        0  stm32f1xx_hal_cortex.o(i.HAL_NVIC_SetPriorityGrouping)
    i.HAL_RCCEx_GetPeriphCLKFreq             0x08001304   Section        0  stm32f1xx_hal_rcc_ex.o(i.HAL_RCCEx_GetPeriphCLKFreq)
    i.HAL_RCCEx_PeriphCLKConfig              0x08001424   Section        0  stm32f1xx_hal_rcc_ex.o(i.HAL_RCCEx_PeriphCLKConfig)
    i.HAL_RCC_ClockConfig                    0x08001554   Section        0  stm32f1xx_hal_rcc.o(i.HAL_RCC_ClockConfig)
    i.HAL_RCC_GetHCLKFreq                    0x080016f8   Section        0  stm32f1xx_hal_rcc.o(i.HAL_RCC_GetHCLKFreq)
    i.HAL_RCC_GetPCLK1Freq                   0x08001704   Section        0  stm32f1xx_hal_rcc.o(i.HAL_RCC_GetPCLK1Freq)
    i.HAL_RCC_GetPCLK2Freq                   0x08001724   Section        0  stm32f1xx_hal_rcc.o(i.HAL_RCC_GetPCLK2Freq)
    i.HAL_RCC_GetSysClockFreq                0x08001744   Section        0  stm32f1xx_hal_rcc.o(i.HAL_RCC_GetSysClockFreq)
    i.HAL_RCC_OscConfig                      0x080017d8   Section        0  stm32f1xx_hal_rcc.o(i.HAL_RCC_OscConfig)
    i.HAL_SYSTICK_CLKSourceConfig            0x08001c18   Section        0  stm32f1xx_hal_cortex.o(i.HAL_SYSTICK_CLKSourceConfig)
    i.HAL_SYSTICK_Config                     0x08001c40   Section        0  stm32f1xx_hal_cortex.o(i.HAL_SYSTICK_Config)
    i.HAL_TIMEx_BreakCallback                0x08001c74   Section        0  stm32f1xx_hal_tim_ex.o(i.HAL_TIMEx_BreakCallback)
    i.HAL_TIMEx_CommutationCallback          0x08001c76   Section        0  stm32f1xx_hal_tim_ex.o(i.HAL_TIMEx_CommutationCallback)
    i.HAL_TIMEx_MasterConfigSynchronization  0x08001c78   Section        0  stm32f1xx_hal_tim_ex.o(i.HAL_TIMEx_MasterConfigSynchronization)
    i.HAL_TIM_Base_Init                      0x08001cda   Section        0  stm32f1xx_hal_tim.o(i.HAL_TIM_Base_Init)
    i.HAL_TIM_Base_MspInit                   0x08001d10   Section        0  tim.o(i.HAL_TIM_Base_MspInit)
    i.HAL_TIM_Base_Start_IT                  0x08001da0   Section        0  stm32f1xx_hal_tim.o(i.HAL_TIM_Base_Start_IT)
    i.HAL_TIM_ConfigClockSource              0x08001dbe   Section        0  stm32f1xx_hal_tim.o(i.HAL_TIM_ConfigClockSource)
    i.HAL_TIM_IC_CaptureCallback             0x08001ef0   Section        0  stm32f1xx_hal_tim.o(i.HAL_TIM_IC_CaptureCallback)
    i.HAL_TIM_IRQHandler                     0x08001ef2   Section        0  stm32f1xx_hal_tim.o(i.HAL_TIM_IRQHandler)
    i.HAL_TIM_MspPostInit                    0x08002088   Section        0  tim.o(i.HAL_TIM_MspPostInit)
    i.HAL_TIM_OC_DelayElapsedCallback        0x08002104   Section        0  stm32f1xx_hal_tim.o(i.HAL_TIM_OC_DelayElapsedCallback)
    i.HAL_TIM_PWM_ConfigChannel              0x08002106   Section        0  stm32f1xx_hal_tim.o(i.HAL_TIM_PWM_ConfigChannel)
    i.HAL_TIM_PWM_Init                       0x0800220e   Section        0  stm32f1xx_hal_tim.o(i.HAL_TIM_PWM_Init)
    i.HAL_TIM_PWM_MspInit                    0x08002242   Section        0  stm32f1xx_hal_tim.o(i.HAL_TIM_PWM_MspInit)
    i.HAL_TIM_PWM_PulseFinishedCallback      0x08002244   Section        0  stm32f1xx_hal_tim.o(i.HAL_TIM_PWM_PulseFinishedCallback)
    i.HAL_TIM_PeriodElapsedCallback          0x08002246   Section        0  stm32f1xx_hal_tim.o(i.HAL_TIM_PeriodElapsedCallback)
    i.HAL_TIM_TriggerCallback                0x08002248   Section        0  stm32f1xx_hal_tim.o(i.HAL_TIM_TriggerCallback)
    i.HAL_UART_DMAStop                       0x0800224a   Section        0  stm32f1xx_hal_uart.o(i.HAL_UART_DMAStop)
    i.HAL_UART_ErrorCallback                 0x080022b0   Section        0  stm32f1xx_hal_uart.o(i.HAL_UART_ErrorCallback)
    i.HAL_UART_IRQHandler                    0x080022b4   Section        0  stm32f1xx_hal_uart.o(i.HAL_UART_IRQHandler)
    i.HAL_UART_Init                          0x08002400   Section        0  stm32f1xx_hal_uart.o(i.HAL_UART_Init)
    i.HAL_UART_MspInit                       0x08002474   Section        0  usart.o(i.HAL_UART_MspInit)
    i.HAL_UART_Receive_DMA                   0x08002658   Section        0  stm32f1xx_hal_uart.o(i.HAL_UART_Receive_DMA)
    i.HAL_UART_RxCpltCallback                0x0800271c   Section        0  stm32f1xx_hal_uart.o(i.HAL_UART_RxCpltCallback)
    i.HAL_UART_RxHalfCpltCallback            0x0800271e   Section        0  stm32f1xx_hal_uart.o(i.HAL_UART_RxHalfCpltCallback)
    i.HAL_UART_TxCpltCallback                0x08002720   Section        0  stm32f1xx_hal_uart.o(i.HAL_UART_TxCpltCallback)
    i.HardFault_Handler                      0x08002722   Section        0  stm32f1xx_it.o(i.HardFault_Handler)
    i.MX_ADC1_Init                           0x08002728   Section        0  adc.o(i.MX_ADC1_Init)
    i.MX_DMA_Init                            0x08002884   Section        0  dma.o(i.MX_DMA_Init)
    i.MX_FREERTOS_Init                       0x080028f8   Section        0  freertos.o(i.MX_FREERTOS_Init)
    i.MX_GPIO_Init                           0x08002958   Section        0  gpio.o(i.MX_GPIO_Init)
    i.MX_IWDG_Init                           0x08002ae0   Section        0  iwdg.o(i.MX_IWDG_Init)
    i.MX_TIM2_Init                           0x08002b1c   Section        0  tim.o(i.MX_TIM2_Init)
    i.MX_TIM3_Init                           0x08002b94   Section        0  tim.o(i.MX_TIM3_Init)
    i.MX_TIM4_Init                           0x08002c6c   Section        0  tim.o(i.MX_TIM4_Init)
    i.MX_USART1_UART_Init                    0x08002d44   Section        0  usart.o(i.MX_USART1_UART_Init)
    i.MX_USART3_UART_Init                    0x08002d90   Section        0  usart.o(i.MX_USART3_UART_Init)
    i.MemManage_Handler                      0x08002ddc   Section        0  stm32f1xx_it.o(i.MemManage_Handler)
    i.NMI_Handler                            0x08002de0   Section        0  stm32f1xx_it.o(i.NMI_Handler)
    i.NVIC_GetPriorityGrouping               0x08002de4   Section        0  stm32f1xx_hal_cortex.o(i.NVIC_GetPriorityGrouping)
    NVIC_GetPriorityGrouping                 0x08002de5   Thumb Code    10  stm32f1xx_hal_cortex.o(i.NVIC_GetPriorityGrouping)
    i.NVIC_SetPriority                       0x08002df4   Section        0  stm32f1xx_hal_cortex.o(i.NVIC_SetPriority)
    NVIC_SetPriority                         0x08002df5   Thumb Code    32  stm32f1xx_hal_cortex.o(i.NVIC_SetPriority)
    i.RCC_Delay                              0x08002e1c   Section        0  stm32f1xx_hal_rcc.o(i.RCC_Delay)
    RCC_Delay                                0x08002e1d   Thumb Code    36  stm32f1xx_hal_rcc.o(i.RCC_Delay)
    i.StartDefaultTask                       0x08002e44   Section        0  freertos.o(i.StartDefaultTask)
    i.StartTask02                            0x08003058   Section        0  freertos.o(i.StartTask02)
    i.StartTask03                            0x080032f4   Section        0  freertos.o(i.StartTask03)
    i.SysTick_Handler                        0x08003314   Section        0  stm32f1xx_it.o(i.SysTick_Handler)
    i.SystemClock_Config                     0x08003320   Section        0  main.o(i.SystemClock_Config)
    i.SystemInit                             0x080033d0   Section        0  system_stm32f1xx.o(i.SystemInit)
    i.TIM2_IRQHandler                        0x08003428   Section        0  stm32f1xx_it.o(i.TIM2_IRQHandler)
    i.TIM_Base_SetConfig                     0x08003488   Section        0  stm32f1xx_hal_tim.o(i.TIM_Base_SetConfig)
    i.TIM_ETR_SetConfig                      0x080034fc   Section        0  stm32f1xx_hal_tim.o(i.TIM_ETR_SetConfig)
    TIM_ETR_SetConfig                        0x080034fd   Thumb Code    24  stm32f1xx_hal_tim.o(i.TIM_ETR_SetConfig)
    i.TIM_ITRx_SetConfig                     0x08003514   Section        0  stm32f1xx_hal_tim.o(i.TIM_ITRx_SetConfig)
    TIM_ITRx_SetConfig                       0x08003515   Thumb Code    20  stm32f1xx_hal_tim.o(i.TIM_ITRx_SetConfig)
    i.TIM_OC1_SetConfig                      0x08003528   Section        0  stm32f1xx_hal_tim.o(i.TIM_OC1_SetConfig)
    TIM_OC1_SetConfig                        0x08003529   Thumb Code    96  stm32f1xx_hal_tim.o(i.TIM_OC1_SetConfig)
    i.TIM_OC2_SetConfig                      0x0800358c   Section        0  stm32f1xx_hal_tim.o(i.TIM_OC2_SetConfig)
    i.TIM_OC3_SetConfig                      0x080035fc   Section        0  stm32f1xx_hal_tim.o(i.TIM_OC3_SetConfig)
    TIM_OC3_SetConfig                        0x080035fd   Thumb Code   104  stm32f1xx_hal_tim.o(i.TIM_OC3_SetConfig)
    i.TIM_OC4_SetConfig                      0x08003668   Section        0  stm32f1xx_hal_tim.o(i.TIM_OC4_SetConfig)
    TIM_OC4_SetConfig                        0x08003669   Thumb Code    74  stm32f1xx_hal_tim.o(i.TIM_OC4_SetConfig)
    i.TIM_TI1_ConfigInputStage               0x080036b8   Section        0  stm32f1xx_hal_tim.o(i.TIM_TI1_ConfigInputStage)
    TIM_TI1_ConfigInputStage                 0x080036b9   Thumb Code    42  stm32f1xx_hal_tim.o(i.TIM_TI1_ConfigInputStage)
    i.TIM_TI2_ConfigInputStage               0x080036e2   Section        0  stm32f1xx_hal_tim.o(i.TIM_TI2_ConfigInputStage)
    TIM_TI2_ConfigInputStage                 0x080036e3   Thumb Code    44  stm32f1xx_hal_tim.o(i.TIM_TI2_ConfigInputStage)
    i.UART_DMAAbortOnError                   0x0800370e   Section        0  stm32f1xx_hal_uart.o(i.UART_DMAAbortOnError)
    UART_DMAAbortOnError                     0x0800370f   Thumb Code    20  stm32f1xx_hal_uart.o(i.UART_DMAAbortOnError)
    i.UART_DMAError                          0x08003722   Section        0  stm32f1xx_hal_uart.o(i.UART_DMAError)
    UART_DMAError                            0x08003723   Thumb Code    80  stm32f1xx_hal_uart.o(i.UART_DMAError)
    i.UART_DMAReceiveCplt                    0x08003772   Section        0  stm32f1xx_hal_uart.o(i.UART_DMAReceiveCplt)
    UART_DMAReceiveCplt                      0x08003773   Thumb Code    70  stm32f1xx_hal_uart.o(i.UART_DMAReceiveCplt)
    i.UART_DMARxHalfCplt                     0x080037b8   Section        0  stm32f1xx_hal_uart.o(i.UART_DMARxHalfCplt)
    UART_DMARxHalfCplt                       0x080037b9   Thumb Code    14  stm32f1xx_hal_uart.o(i.UART_DMARxHalfCplt)
    i.UART_EndRxTransfer                     0x080037c6   Section        0  stm32f1xx_hal_uart.o(i.UART_EndRxTransfer)
    UART_EndRxTransfer                       0x080037c7   Thumb Code    32  stm32f1xx_hal_uart.o(i.UART_EndRxTransfer)
    i.UART_EndTransmit_IT                    0x080037e6   Section        0  stm32f1xx_hal_uart.o(i.UART_EndTransmit_IT)
    UART_EndTransmit_IT                      0x080037e7   Thumb Code    32  stm32f1xx_hal_uart.o(i.UART_EndTransmit_IT)
    i.UART_EndTxTransfer                     0x08003806   Section        0  stm32f1xx_hal_uart.o(i.UART_EndTxTransfer)
    UART_EndTxTransfer                       0x08003807   Thumb Code    20  stm32f1xx_hal_uart.o(i.UART_EndTxTransfer)
    i.UART_Receive_IT                        0x0800381a   Section        0  stm32f1xx_hal_uart.o(i.UART_Receive_IT)
    UART_Receive_IT                          0x0800381b   Thumb Code   166  stm32f1xx_hal_uart.o(i.UART_Receive_IT)
    i.UART_SetConfig                         0x080038c0   Section        0  stm32f1xx_hal_uart.o(i.UART_SetConfig)
    UART_SetConfig                           0x080038c1   Thumb Code   450  stm32f1xx_hal_uart.o(i.UART_SetConfig)
    i.UART_Transmit_IT                       0x08003a88   Section        0  stm32f1xx_hal_uart.o(i.UART_Transmit_IT)
    UART_Transmit_IT                         0x08003a89   Thumb Code   104  stm32f1xx_hal_uart.o(i.UART_Transmit_IT)
    i.USART1_IRQHandler                      0x08003af0   Section        0  stm32f1xx_it.o(i.USART1_IRQHandler)
    i.USART3_IRQHandler                      0x08003b00   Section        0  stm32f1xx_it.o(i.USART3_IRQHandler)
    i.UsageFault_Handler                     0x08003ba8   Section        0  stm32f1xx_it.o(i.UsageFault_Handler)
    i._Error_Handler                         0x08003bac   Section        0  main.o(i._Error_Handler)
    i.__scatterload_copy                     0x08003bb0   Section       14  handlers.o(i.__scatterload_copy)
    i.__scatterload_null                     0x08003bbe   Section        2  handlers.o(i.__scatterload_null)
    i.__scatterload_zeroinit                 0x08003bc0   Section       14  handlers.o(i.__scatterload_zeroinit)
    i.account_current                        0x08003bd0   Section        0  mydrive.o(i.account_current)
    i.main                                   0x08003c00   Section        0  main.o(i.main)
    i.makeFreeRtosPriority                   0x08003d34   Section        0  cmsis_os.o(i.makeFreeRtosPriority)
    makeFreeRtosPriority                     0x08003d35   Thumb Code    14  cmsis_os.o(i.makeFreeRtosPriority)
    i.osDelay                                0x08003d42   Section        0  cmsis_os.o(i.osDelay)
    i.osKernelStart                          0x08003d5a   Section        0  cmsis_os.o(i.osKernelStart)
    i.osSystickHandler                       0x08003d64   Section        0  cmsis_os.o(i.osSystickHandler)
    i.osThreadCreate                         0x08003d74   Section        0  cmsis_os.o(i.osThreadCreate)
    i.prvAddCurrentTaskToDelayedList         0x08003da4   Section        0  tasks.o(i.prvAddCurrentTaskToDelayedList)
    prvAddCurrentTaskToDelayedList           0x08003da5   Thumb Code   124  tasks.o(i.prvAddCurrentTaskToDelayedList)
    i.prvAddNewTaskToReadyList               0x08003e3c   Section        0  tasks.o(i.prvAddNewTaskToReadyList)
    prvAddNewTaskToReadyList                 0x08003e3d   Thumb Code   150  tasks.o(i.prvAddNewTaskToReadyList)
    i.prvCheckTasksWaitingTermination        0x08003ef0   Section        0  tasks.o(i.prvCheckTasksWaitingTermination)
    prvCheckTasksWaitingTermination          0x08003ef1   Thumb Code    86  tasks.o(i.prvCheckTasksWaitingTermination)
    i.prvDeleteTCB                           0x08003f54   Section        0  tasks.o(i.prvDeleteTCB)
    prvDeleteTCB                             0x08003f55   Thumb Code    18  tasks.o(i.prvDeleteTCB)
    i.prvHeapInit                            0x08003f68   Section        0  heap_4.o(i.prvHeapInit)
    prvHeapInit                              0x08003f69   Thumb Code    98  heap_4.o(i.prvHeapInit)
    i.prvIdleTask                            0x08003fe4   Section        0  tasks.o(i.prvIdleTask)
    prvIdleTask                              0x08003fe5   Thumb Code    32  tasks.o(i.prvIdleTask)
    i.prvInitialiseNewTask                   0x0800400c   Section        0  tasks.o(i.prvInitialiseNewTask)
    prvInitialiseNewTask                     0x0800400d   Thumb Code   170  tasks.o(i.prvInitialiseNewTask)
    i.prvInitialiseTaskLists                 0x080040b8   Section        0  tasks.o(i.prvInitialiseTaskLists)
    prvInitialiseTaskLists                   0x080040b9   Thumb Code    70  tasks.o(i.prvInitialiseTaskLists)
    i.prvInsertBlockIntoFreeList             0x08004120   Section        0  heap_4.o(i.prvInsertBlockIntoFreeList)
    prvInsertBlockIntoFreeList               0x08004121   Thumb Code    96  heap_4.o(i.prvInsertBlockIntoFreeList)
    i.prvResetNextTaskUnblockTime            0x08004188   Section        0  tasks.o(i.prvResetNextTaskUnblockTime)
    prvResetNextTaskUnblockTime              0x08004189   Thumb Code    42  tasks.o(i.prvResetNextTaskUnblockTime)
    i.prvTaskExitError                       0x080041bc   Section        0  port.o(i.prvTaskExitError)
    prvTaskExitError                         0x080041bd   Thumb Code    60  port.o(i.prvTaskExitError)
    i.pvPortMalloc                           0x080041fc   Section        0  heap_4.o(i.pvPortMalloc)
    i.pxPortInitialiseStack                  0x08004338   Section        0  port.o(i.pxPortInitialiseStack)
    i.uxListRemove                           0x0800435c   Section        0  list.o(i.uxListRemove)
    i.vListInitialise                        0x08004384   Section        0  list.o(i.vListInitialise)
    i.vListInitialiseItem                    0x0800439e   Section        0  list.o(i.vListInitialiseItem)
    i.vListInsert                            0x080043a4   Section        0  list.o(i.vListInsert)
    i.vListInsertEnd                         0x080043d8   Section        0  list.o(i.vListInsertEnd)
    i.vPortEnterCritical                     0x080043f0   Section        0  port.o(i.vPortEnterCritical)
    i.vPortExitCritical                      0x08004444   Section        0  port.o(i.vPortExitCritical)
    i.vPortFree                              0x08004480   Section        0  heap_4.o(i.vPortFree)
    i.vPortSetupTimerInterrupt               0x08004514   Section        0  port.o(i.vPortSetupTimerInterrupt)
    i.vTaskDelay                             0x08004534   Section        0  tasks.o(i.vTaskDelay)
    i.vTaskStartScheduler                    0x08004590   Section        0  tasks.o(i.vTaskStartScheduler)
    i.vTaskSuspendAll                        0x08004618   Section        0  tasks.o(i.vTaskSuspendAll)
    i.vTaskSwitchContext                     0x08004628   Section        0  tasks.o(i.vTaskSwitchContext)
    i.xPortStartScheduler                    0x080046b4   Section        0  port.o(i.xPortStartScheduler)
    i.xPortSysTickHandler                    0x08004754   Section        0  port.o(i.xPortSysTickHandler)
    i.xTaskCreate                            0x08004788   Section        0  tasks.o(i.xTaskCreate)
    i.xTaskGetSchedulerState                 0x080047e8   Section        0  tasks.o(i.xTaskGetSchedulerState)
    i.xTaskIncrementTick                     0x08004808   Section        0  tasks.o(i.xTaskIncrementTick)
    i.xTaskResumeAll                         0x08004950   Section        0  tasks.o(i.xTaskResumeAll)
    .constdata                               0x08004a54   Section       60  freertos.o(.constdata)
    .constdata                               0x08004a90   Section       24  system_stm32f1xx.o(.constdata)
    .conststring                             0x08004aa8   Section       36  freertos.o(.conststring)
    .data                                    0x20000000   Section       40  freertos.o(.data)
    left_electrode                           0x20000010   Data           4  freertos.o(.data)
    right_electrode                          0x20000014   Data           4  freertos.o(.data)
    clear_stop_time                          0x20000018   Data           4  freertos.o(.data)
    move_base_ring_old                       0x2000001c   Data           4  freertos.o(.data)
    flagworking                              0x20000020   Data           1  freertos.o(.data)
    chouwu                                   0x20000024   Data           4  freertos.o(.data)
    .data                                    0x20000028   Section       19  stm32f1xx_it.o(.data)
    l_brush                                  0x20000035   Data           1  stm32f1xx_it.o(.data)
    r_brush                                  0x20000036   Data           1  stm32f1xx_it.o(.data)
    fan1_step                                0x20000037   Data           1  stm32f1xx_it.o(.data)
    fan2_step                                0x20000038   Data           1  stm32f1xx_it.o(.data)
    clear_step                               0x20000039   Data           1  stm32f1xx_it.o(.data)
    move_step                                0x2000003a   Data           1  stm32f1xx_it.o(.data)
    .data                                    0x2000003c   Section        9  stm32f1xx_hal.o(.data)
    .data                                    0x20000048   Section        4  system_stm32f1xx.o(.data)
    .data                                    0x2000004c   Section       24  heap_4.o(.data)
    xStart                                   0x2000004c   Data           8  heap_4.o(.data)
    pxEnd                                    0x20000054   Data           4  heap_4.o(.data)
    xFreeBytesRemaining                      0x20000058   Data           4  heap_4.o(.data)
    xMinimumEverFreeBytesRemaining           0x2000005c   Data           4  heap_4.o(.data)
    xBlockAllocatedBit                       0x20000060   Data           4  heap_4.o(.data)
    .data                                    0x20000064   Section       12  port.o(.data)
    uxCriticalNesting                        0x20000064   Data           4  port.o(.data)
    ucMaxSysCallPriority                     0x20000068   Data           1  port.o(.data)
    ulMaxPRIGROUPValue                       0x2000006c   Data           4  port.o(.data)
    .data                                    0x20000070   Section       60  tasks.o(.data)
    pxDelayedTaskList                        0x20000074   Data           4  tasks.o(.data)
    pxOverflowDelayedTaskList                0x20000078   Data           4  tasks.o(.data)
    uxDeletedTasksWaitingCleanUp             0x2000007c   Data           4  tasks.o(.data)
    uxCurrentNumberOfTasks                   0x20000080   Data           4  tasks.o(.data)
    xTickCount                               0x20000084   Data           4  tasks.o(.data)
    uxTopReadyPriority                       0x20000088   Data           4  tasks.o(.data)
    xSchedulerRunning                        0x2000008c   Data           4  tasks.o(.data)
    uxPendedTicks                            0x20000090   Data           4  tasks.o(.data)
    xYieldPending                            0x20000094   Data           4  tasks.o(.data)
    xNumOfOverflows                          0x20000098   Data           4  tasks.o(.data)
    uxTaskNumber                             0x2000009c   Data           4  tasks.o(.data)
    xNextTaskUnblockTime                     0x200000a0   Data           4  tasks.o(.data)
    xIdleTaskHandle                          0x200000a4   Data           4  tasks.o(.data)
    uxSchedulerSuspended                     0x200000a8   Data           4  tasks.o(.data)
    .bss                                     0x200000ac   Section      160  main.o(.bss)
    .bss                                     0x2000014c   Section      116  adc.o(.bss)
    .bss                                     0x200001c0   Section       12  iwdg.o(.bss)
    .bss                                     0x200001cc   Section      192  tim.o(.bss)
    .bss                                     0x2000028c   Section      400  usart.o(.bss)
    .bss                                     0x2000041c   Section       20  stm32f1xx_it.o(.bss)
    .bss                                     0x20000430   Section     3072  heap_4.o(.bss)
    ucHeap                                   0x20000430   Data        3072  heap_4.o(.bss)
    .bss                                     0x20001030   Section      240  tasks.o(.bss)
    pxReadyTasksLists                        0x20001030   Data         140  tasks.o(.bss)
    xDelayedTaskList1                        0x200010bc   Data          20  tasks.o(.bss)
    xDelayedTaskList2                        0x200010d0   Data          20  tasks.o(.bss)
    xPendingReadyList                        0x200010e4   Data          20  tasks.o(.bss)
    xTasksWaitingTermination                 0x200010f8   Data          20  tasks.o(.bss)
    xSuspendedTaskList                       0x2000110c   Data          20  tasks.o(.bss)
    .bss                                     0x20001120   Section       10  mydrive.o(.bss)
    STACK                                    0x20001130   Section     1024  startup_stm32f103xb.o(STACK)

    Global Symbols

    Symbol Name                              Value     Ov Type        Size  Object(Section)

    BuildAttributes$$THM_ISAv4$P$D$K$B$S$PE$A:L22UL41UL21$X:L11$S22US41US21$IEEE1$IW$USESV6$~STKCKD$USESV7$~SHL$OTIME$ROPI$EBA8$MICROLIB$REQ8$PRES8$EABIv2 0x00000000   Number         0  anon$$obj.o ABSOLUTE
    __ARM_use_no_argv                        0x00000000   Number         0  main.o ABSOLUTE
    __cpp_initialize__aeabi_                  - Undefined Weak Reference
    __cxa_finalize                            - Undefined Weak Reference
    __decompress                              - Undefined Weak Reference
    _clock_init                               - Undefined Weak Reference
    _microlib_exit                            - Undefined Weak Reference
    __Vectors_Size                           0x000000ec   Number         0  startup_stm32f103xb.o ABSOLUTE
    __Vectors                                0x08000000   Data           4  startup_stm32f103xb.o(RESET)
    __Vectors_End                            0x080000ec   Data           0  startup_stm32f103xb.o(RESET)
    __main                                   0x080000ed   Thumb Code     0  entry.o(.ARM.Collect$$$$00000000)
    _main_stk                                0x080000ed   Thumb Code     0  entry2.o(.ARM.Collect$$$$00000001)
    _main_scatterload                        0x080000f1   Thumb Code     0  entry5.o(.ARM.Collect$$$$00000004)
    __main_after_scatterload                 0x080000f5   Thumb Code     0  entry5.o(.ARM.Collect$$$$00000004)
    _main_clock                              0x080000f5   Thumb Code     0  entry7b.o(.ARM.Collect$$$$00000008)
    _main_cpp_init                           0x080000f5   Thumb Code     0  entry8b.o(.ARM.Collect$$$$0000000A)
    _main_init                               0x080000f5   Thumb Code     0  entry9a.o(.ARM.Collect$$$$0000000B)
    __rt_final_cpp                           0x080000fd   Thumb Code     0  entry10a.o(.ARM.Collect$$$$0000000D)
    __rt_final_exit                          0x080000fd   Thumb Code     0  entry11a.o(.ARM.Collect$$$$0000000F)
    SVC_Handler                              0x08000101   Thumb Code    32  port.o(.emb_text)
    __asm___6_port_c_39a90d8d__prvStartFirstTask 0x08000125   Thumb Code    28  port.o(.emb_text)
    PendSV_Handler                           0x08000145   Thumb Code    72  port.o(.emb_text)
    vPortGetIPSR                             0x08000191   Thumb Code     6  port.o(.emb_text)
    Reset_Handler                            0x08000199   Thumb Code     8  startup_stm32f103xb.o(.text)
    ADC1_2_IRQHandler                        0x080001b3   Thumb Code     0  startup_stm32f103xb.o(.text)
    CAN1_RX1_IRQHandler                      0x080001b3   Thumb Code     0  startup_stm32f103xb.o(.text)
    CAN1_SCE_IRQHandler                      0x080001b3   Thumb Code     0  startup_stm32f103xb.o(.text)
    DMA1_Channel6_IRQHandler                 0x080001b3   Thumb Code     0  startup_stm32f103xb.o(.text)
    DMA1_Channel7_IRQHandler                 0x080001b3   Thumb Code     0  startup_stm32f103xb.o(.text)
    EXTI0_IRQHandler                         0x080001b3   Thumb Code     0  startup_stm32f103xb.o(.text)
    EXTI15_10_IRQHandler                     0x080001b3   Thumb Code     0  startup_stm32f103xb.o(.text)
    EXTI1_IRQHandler                         0x080001b3   Thumb Code     0  startup_stm32f103xb.o(.text)
    EXTI2_IRQHandler                         0x080001b3   Thumb Code     0  startup_stm32f103xb.o(.text)
    EXTI3_IRQHandler                         0x080001b3   Thumb Code     0  startup_stm32f103xb.o(.text)
    EXTI4_IRQHandler                         0x080001b3   Thumb Code     0  startup_stm32f103xb.o(.text)
    EXTI9_5_IRQHandler                       0x080001b3   Thumb Code     0  startup_stm32f103xb.o(.text)
    FLASH_IRQHandler                         0x080001b3   Thumb Code     0  startup_stm32f103xb.o(.text)
    I2C1_ER_IRQHandler                       0x080001b3   Thumb Code     0  startup_stm32f103xb.o(.text)
    I2C1_EV_IRQHandler                       0x080001b3   Thumb Code     0  startup_stm32f103xb.o(.text)
    I2C2_ER_IRQHandler                       0x080001b3   Thumb Code     0  startup_stm32f103xb.o(.text)
    I2C2_EV_IRQHandler                       0x080001b3   Thumb Code     0  startup_stm32f103xb.o(.text)
    PVD_IRQHandler                           0x080001b3   Thumb Code     0  startup_stm32f103xb.o(.text)
    RCC_IRQHandler                           0x080001b3   Thumb Code     0  startup_stm32f103xb.o(.text)
    RTC_Alarm_IRQHandler                     0x080001b3   Thumb Code     0  startup_stm32f103xb.o(.text)
    RTC_IRQHandler                           0x080001b3   Thumb Code     0  startup_stm32f103xb.o(.text)
    SPI1_IRQHandler                          0x080001b3   Thumb Code     0  startup_stm32f103xb.o(.text)
    SPI2_IRQHandler                          0x080001b3   Thumb Code     0  startup_stm32f103xb.o(.text)
    TAMPER_IRQHandler                        0x080001b3   Thumb Code     0  startup_stm32f103xb.o(.text)
    TIM1_BRK_IRQHandler                      0x080001b3   Thumb Code     0  startup_stm32f103xb.o(.text)
    TIM1_CC_IRQHandler                       0x080001b3   Thumb Code     0  startup_stm32f103xb.o(.text)
    TIM1_TRG_COM_IRQHandler                  0x080001b3   Thumb Code     0  startup_stm32f103xb.o(.text)
    TIM1_UP_IRQHandler                       0x080001b3   Thumb Code     0  startup_stm32f103xb.o(.text)
    TIM3_IRQHandler                          0x080001b3   Thumb Code     0  startup_stm32f103xb.o(.text)
    TIM4_IRQHandler                          0x080001b3   Thumb Code     0  startup_stm32f103xb.o(.text)
    USART2_IRQHandler                        0x080001b3   Thumb Code     0  startup_stm32f103xb.o(.text)
    USBWakeUp_IRQHandler                     0x080001b3   Thumb Code     0  startup_stm32f103xb.o(.text)
    USB_HP_CAN1_TX_IRQHandler                0x080001b3   Thumb Code     0  startup_stm32f103xb.o(.text)
    USB_LP_CAN1_RX0_IRQHandler               0x080001b3   Thumb Code     0  startup_stm32f103xb.o(.text)
    WWDG_IRQHandler                          0x080001b3   Thumb Code     0  startup_stm32f103xb.o(.text)
    __aeabi_memcpy                           0x080001bd   Thumb Code    36  memcpya.o(.text)
    __aeabi_memcpy4                          0x080001bd   Thumb Code     0  memcpya.o(.text)
    __aeabi_memcpy8                          0x080001bd   Thumb Code     0  memcpya.o(.text)
    __scatterload                            0x080001e1   Thumb Code    28  init.o(.text)
    __scatterload_rt2                        0x080001e1   Thumb Code     0  init.o(.text)
    ADC_ConversionStop_Disable               0x08000205   Thumb Code    82  stm32f1xx_hal_adc.o(i.ADC_ConversionStop_Disable)
    ADC_DMAConvCplt                          0x08000257   Thumb Code    82  stm32f1xx_hal_adc.o(i.ADC_DMAConvCplt)
    ADC_DMAError                             0x080002a9   Thumb Code    30  stm32f1xx_hal_adc.o(i.ADC_DMAError)
    ADC_DMAHalfConvCplt                      0x080002c7   Thumb Code    14  stm32f1xx_hal_adc.o(i.ADC_DMAHalfConvCplt)
    ADC_Enable                               0x080002d5   Thumb Code   122  stm32f1xx_hal_adc.o(i.ADC_Enable)
    BusFault_Handler                         0x08000359   Thumb Code     4  stm32f1xx_it.o(i.BusFault_Handler)
    DMA1_Channel1_IRQHandler                 0x0800035d   Thumb Code    10  stm32f1xx_it.o(i.DMA1_Channel1_IRQHandler)
    DMA1_Channel2_IRQHandler                 0x0800036d   Thumb Code    10  stm32f1xx_it.o(i.DMA1_Channel2_IRQHandler)
    DMA1_Channel3_IRQHandler                 0x0800037d   Thumb Code    10  stm32f1xx_it.o(i.DMA1_Channel3_IRQHandler)
    DMA1_Channel4_IRQHandler                 0x0800038d   Thumb Code    10  stm32f1xx_it.o(i.DMA1_Channel4_IRQHandler)
    DMA1_Channel5_IRQHandler                 0x0800039d   Thumb Code    10  stm32f1xx_it.o(i.DMA1_Channel5_IRQHandler)
    DebugMon_Handler                         0x080003d9   Thumb Code     2  stm32f1xx_it.o(i.DebugMon_Handler)
    HAL_ADCEx_Calibration_Start              0x080003dd   Thumb Code   256  stm32f1xx_hal_adc_ex.o(i.HAL_ADCEx_Calibration_Start)
    HAL_ADC_ConfigChannel                    0x080004e1   Thumb Code   338  stm32f1xx_hal_adc.o(i.HAL_ADC_ConfigChannel)
    HAL_ADC_ConvCpltCallback                 0x08000641   Thumb Code     2  stm32f1xx_hal_adc.o(i.HAL_ADC_ConvCpltCallback)
    HAL_ADC_ConvHalfCpltCallback             0x08000643   Thumb Code     2  stm32f1xx_hal_adc.o(i.HAL_ADC_ConvHalfCpltCallback)
    HAL_ADC_ErrorCallback                    0x08000645   Thumb Code     2  stm32f1xx_hal_adc.o(i.HAL_ADC_ErrorCallback)
    HAL_ADC_Init                             0x08000649   Thumb Code   314  stm32f1xx_hal_adc.o(i.HAL_ADC_Init)
    HAL_ADC_MspInit                          0x0800078d   Thumb Code   152  adc.o(i.HAL_ADC_MspInit)
    HAL_ADC_Start_DMA                        0x08000851   Thumb Code   362  stm32f1xx_hal_adc.o(i.HAL_ADC_Start_DMA)
    HAL_DMA_Abort                            0x080009d1   Thumb Code    58  stm32f1xx_hal_dma.o(i.HAL_DMA_Abort)
    HAL_DMA_Abort_IT                         0x08000a0d   Thumb Code   172  stm32f1xx_hal_dma.o(i.HAL_DMA_Abort_IT)
    HAL_DMA_IRQHandler                       0x08000abd   Thumb Code   408  stm32f1xx_hal_dma.o(i.HAL_DMA_IRQHandler)
    HAL_DMA_Init                             0x08000c59   Thumb Code   108  stm32f1xx_hal_dma.o(i.HAL_DMA_Init)
    HAL_DMA_Start_IT                         0x08000cc9   Thumb Code   156  stm32f1xx_hal_dma.o(i.HAL_DMA_Start_IT)
    HAL_GPIO_Init                            0x08000d65   Thumb Code   764  stm32f1xx_hal_gpio.o(i.HAL_GPIO_Init)
    HAL_GPIO_ReadPin                         0x08001081   Thumb Code    16  stm32f1xx_hal_gpio.o(i.HAL_GPIO_ReadPin)
    HAL_GPIO_TogglePin                       0x08001091   Thumb Code     8  stm32f1xx_hal_gpio.o(i.HAL_GPIO_TogglePin)
    HAL_GPIO_WritePin                        0x08001099   Thumb Code    12  stm32f1xx_hal_gpio.o(i.HAL_GPIO_WritePin)
    HAL_GetTick                              0x080010a5   Thumb Code     6  stm32f1xx_hal.o(i.HAL_GetTick)
    HAL_IWDG_Init                            0x080010b1   Thumb Code    80  stm32f1xx_hal_iwdg.o(i.HAL_IWDG_Init)
    HAL_IWDG_Refresh                         0x08001101   Thumb Code    14  stm32f1xx_hal_iwdg.o(i.HAL_IWDG_Refresh)
    HAL_IncTick                              0x08001111   Thumb Code    16  stm32f1xx_hal.o(i.HAL_IncTick)
    HAL_Init                                 0x08001129   Thumb Code    34  stm32f1xx_hal.o(i.HAL_Init)
    HAL_InitTick                             0x08001151   Thumb Code    64  stm32f1xx_hal.o(i.HAL_InitTick)
    HAL_MspInit                              0x0800119d   Thumb Code   158  stm32f1xx_hal_msp.o(i.HAL_MspInit)
    HAL_NVIC_EnableIRQ                       0x08001245   Thumb Code    26  stm32f1xx_hal_cortex.o(i.HAL_NVIC_EnableIRQ)
    HAL_NVIC_SetPriority                     0x0800125f   Thumb Code   124  stm32f1xx_hal_cortex.o(i.HAL_NVIC_SetPriority)
    HAL_NVIC_SetPriorityGrouping             0x080012dd   Thumb Code    32  stm32f1xx_hal_cortex.o(i.HAL_NVIC_SetPriorityGrouping)
    HAL_RCCEx_GetPeriphCLKFreq               0x08001305   Thumb Code   254  stm32f1xx_hal_rcc_ex.o(i.HAL_RCCEx_GetPeriphCLKFreq)
    HAL_RCCEx_PeriphCLKConfig                0x08001425   Thumb Code   290  stm32f1xx_hal_rcc_ex.o(i.HAL_RCCEx_PeriphCLKConfig)
    HAL_RCC_ClockConfig                      0x08001555   Thumb Code   402  stm32f1xx_hal_rcc.o(i.HAL_RCC_ClockConfig)
    HAL_RCC_GetHCLKFreq                      0x080016f9   Thumb Code     6  stm32f1xx_hal_rcc.o(i.HAL_RCC_GetHCLKFreq)
    HAL_RCC_GetPCLK1Freq                     0x08001705   Thumb Code    22  stm32f1xx_hal_rcc.o(i.HAL_RCC_GetPCLK1Freq)
    HAL_RCC_GetPCLK2Freq                     0x08001725   Thumb Code    22  stm32f1xx_hal_rcc.o(i.HAL_RCC_GetPCLK2Freq)
    HAL_RCC_GetSysClockFreq                  0x08001745   Thumb Code   116  stm32f1xx_hal_rcc.o(i.HAL_RCC_GetSysClockFreq)
    HAL_RCC_OscConfig                        0x080017d9   Thumb Code  1078  stm32f1xx_hal_rcc.o(i.HAL_RCC_OscConfig)
    HAL_SYSTICK_CLKSourceConfig              0x08001c19   Thumb Code    40  stm32f1xx_hal_cortex.o(i.HAL_SYSTICK_CLKSourceConfig)
    HAL_SYSTICK_Config                       0x08001c41   Thumb Code    52  stm32f1xx_hal_cortex.o(i.HAL_SYSTICK_Config)
    HAL_TIMEx_BreakCallback                  0x08001c75   Thumb Code     2  stm32f1xx_hal_tim_ex.o(i.HAL_TIMEx_BreakCallback)
    HAL_TIMEx_CommutationCallback            0x08001c77   Thumb Code     2  stm32f1xx_hal_tim_ex.o(i.HAL_TIMEx_CommutationCallback)
    HAL_TIMEx_MasterConfigSynchronization    0x08001c79   Thumb Code    98  stm32f1xx_hal_tim_ex.o(i.HAL_TIMEx_MasterConfigSynchronization)
    HAL_TIM_Base_Init                        0x08001cdb   Thumb Code    52  stm32f1xx_hal_tim.o(i.HAL_TIM_Base_Init)
    HAL_TIM_Base_MspInit                     0x08001d11   Thumb Code   132  tim.o(i.HAL_TIM_Base_MspInit)
    HAL_TIM_Base_Start_IT                    0x08001da1   Thumb Code    30  stm32f1xx_hal_tim.o(i.HAL_TIM_Base_Start_IT)
    HAL_TIM_ConfigClockSource                0x08001dbf   Thumb Code   306  stm32f1xx_hal_tim.o(i.HAL_TIM_ConfigClockSource)
    HAL_TIM_IC_CaptureCallback               0x08001ef1   Thumb Code     2  stm32f1xx_hal_tim.o(i.HAL_TIM_IC_CaptureCallback)
    HAL_TIM_IRQHandler                       0x08001ef3   Thumb Code   406  stm32f1xx_hal_tim.o(i.HAL_TIM_IRQHandler)
    HAL_TIM_MspPostInit                      0x08002089   Thumb Code   102  tim.o(i.HAL_TIM_MspPostInit)
    HAL_TIM_OC_DelayElapsedCallback          0x08002105   Thumb Code     2  stm32f1xx_hal_tim.o(i.HAL_TIM_OC_DelayElapsedCallback)
    HAL_TIM_PWM_ConfigChannel                0x08002107   Thumb Code   264  stm32f1xx_hal_tim.o(i.HAL_TIM_PWM_ConfigChannel)
    HAL_TIM_PWM_Init                         0x0800220f   Thumb Code    52  stm32f1xx_hal_tim.o(i.HAL_TIM_PWM_Init)
    HAL_TIM_PWM_MspInit                      0x08002243   Thumb Code     2  stm32f1xx_hal_tim.o(i.HAL_TIM_PWM_MspInit)
    HAL_TIM_PWM_PulseFinishedCallback        0x08002245   Thumb Code     2  stm32f1xx_hal_tim.o(i.HAL_TIM_PWM_PulseFinishedCallback)
    HAL_TIM_PeriodElapsedCallback            0x08002247   Thumb Code     2  stm32f1xx_hal_tim.o(i.HAL_TIM_PeriodElapsedCallback)
    HAL_TIM_TriggerCallback                  0x08002249   Thumb Code     2  stm32f1xx_hal_tim.o(i.HAL_TIM_TriggerCallback)
    HAL_UART_DMAStop                         0x0800224b   Thumb Code   102  stm32f1xx_hal_uart.o(i.HAL_UART_DMAStop)
    HAL_UART_ErrorCallback                   0x080022b1   Thumb Code     2  stm32f1xx_hal_uart.o(i.HAL_UART_ErrorCallback)
    HAL_UART_IRQHandler                      0x080022b5   Thumb Code   326  stm32f1xx_hal_uart.o(i.HAL_UART_IRQHandler)
    HAL_UART_Init                            0x08002401   Thumb Code   114  stm32f1xx_hal_uart.o(i.HAL_UART_Init)
    HAL_UART_MspInit                         0x08002475   Thumb Code   426  usart.o(i.HAL_UART_MspInit)
    HAL_UART_Receive_DMA                     0x08002659   Thumb Code   182  stm32f1xx_hal_uart.o(i.HAL_UART_Receive_DMA)
    HAL_UART_RxCpltCallback                  0x0800271d   Thumb Code     2  stm32f1xx_hal_uart.o(i.HAL_UART_RxCpltCallback)
    HAL_UART_RxHalfCpltCallback              0x0800271f   Thumb Code     2  stm32f1xx_hal_uart.o(i.HAL_UART_RxHalfCpltCallback)
    HAL_UART_TxCpltCallback                  0x08002721   Thumb Code     2  stm32f1xx_hal_uart.o(i.HAL_UART_TxCpltCallback)
    HardFault_Handler                        0x08002723   Thumb Code     4  stm32f1xx_it.o(i.HardFault_Handler)
    MX_ADC1_Init                             0x08002729   Thumb Code   324  adc.o(i.MX_ADC1_Init)
    MX_DMA_Init                              0x08002885   Thumb Code   112  dma.o(i.MX_DMA_Init)
    MX_FREERTOS_Init                         0x080028f9   Thumb Code    78  freertos.o(i.MX_FREERTOS_Init)
    MX_GPIO_Init                             0x08002959   Thumb Code   372  gpio.o(i.MX_GPIO_Init)
    MX_IWDG_Init                             0x08002ae1   Thumb Code    36  iwdg.o(i.MX_IWDG_Init)
    MX_TIM2_Init                             0x08002b1d   Thumb Code    98  tim.o(i.MX_TIM2_Init)
    MX_TIM3_Init                             0x08002b95   Thumb Code   192  tim.o(i.MX_TIM3_Init)
    MX_TIM4_Init                             0x08002c6d   Thumb Code   192  tim.o(i.MX_TIM4_Init)
    MX_USART1_UART_Init                      0x08002d45   Thumb Code    50  usart.o(i.MX_USART1_UART_Init)
    MX_USART3_UART_Init                      0x08002d91   Thumb Code    50  usart.o(i.MX_USART3_UART_Init)
    MemManage_Handler                        0x08002ddd   Thumb Code     4  stm32f1xx_it.o(i.MemManage_Handler)
    NMI_Handler                              0x08002de1   Thumb Code     2  stm32f1xx_it.o(i.NMI_Handler)
    StartDefaultTask                         0x08002e45   Thumb Code   502  freertos.o(i.StartDefaultTask)
    StartTask02                              0x08003059   Thumb Code   624  freertos.o(i.StartTask02)
    StartTask03                              0x080032f5   Thumb Code    24  freertos.o(i.StartTask03)
    SysTick_Handler                          0x08003315   Thumb Code    12  stm32f1xx_it.o(i.SysTick_Handler)
    SystemClock_Config                       0x08003321   Thumb Code   158  main.o(i.SystemClock_Config)
    SystemInit                               0x080033d1   Thumb Code    70  system_stm32f1xx.o(i.SystemInit)
    TIM2_IRQHandler                          0x08003429   Thumb Code    80  stm32f1xx_it.o(i.TIM2_IRQHandler)
    TIM_Base_SetConfig                       0x08003489   Thumb Code   102  stm32f1xx_hal_tim.o(i.TIM_Base_SetConfig)
    TIM_OC2_SetConfig                        0x0800358d   Thumb Code   106  stm32f1xx_hal_tim.o(i.TIM_OC2_SetConfig)
    USART1_IRQHandler                        0x08003af1   Thumb Code    10  stm32f1xx_it.o(i.USART1_IRQHandler)
    USART3_IRQHandler                        0x08003b01   Thumb Code   152  stm32f1xx_it.o(i.USART3_IRQHandler)
    UsageFault_Handler                       0x08003ba9   Thumb Code     4  stm32f1xx_it.o(i.UsageFault_Handler)
    _Error_Handler                           0x08003bad   Thumb Code     4  main.o(i._Error_Handler)
    __scatterload_copy                       0x08003bb1   Thumb Code    14  handlers.o(i.__scatterload_copy)
    __scatterload_null                       0x08003bbf   Thumb Code     2  handlers.o(i.__scatterload_null)
    __scatterload_zeroinit                   0x08003bc1   Thumb Code    14  handlers.o(i.__scatterload_zeroinit)
    account_current                          0x08003bd1   Thumb Code    44  mydrive.o(i.account_current)
    main                                     0x08003c01   Thumb Code   256  main.o(i.main)
    osDelay                                  0x08003d43   Thumb Code    24  cmsis_os.o(i.osDelay)
    osKernelStart                            0x08003d5b   Thumb Code    10  cmsis_os.o(i.osKernelStart)
    osSystickHandler                         0x08003d65   Thumb Code    16  cmsis_os.o(i.osSystickHandler)
    osThreadCreate                           0x08003d75   Thumb Code    48  cmsis_os.o(i.osThreadCreate)
    pvPortMalloc                             0x080041fd   Thumb Code   296  heap_4.o(i.pvPortMalloc)
    pxPortInitialiseStack                    0x08004339   Thumb Code    30  port.o(i.pxPortInitialiseStack)
    uxListRemove                             0x0800435d   Thumb Code    40  list.o(i.uxListRemove)
    vListInitialise                          0x08004385   Thumb Code    26  list.o(i.vListInitialise)
    vListInitialiseItem                      0x0800439f   Thumb Code     6  list.o(i.vListInitialiseItem)
    vListInsert                              0x080043a5   Thumb Code    52  list.o(i.vListInsert)
    vListInsertEnd                           0x080043d9   Thumb Code    24  list.o(i.vListInsertEnd)
    vPortEnterCritical                       0x080043f1   Thumb Code    76  port.o(i.vPortEnterCritical)
    vPortExitCritical                        0x08004445   Thumb Code    56  port.o(i.vPortExitCritical)
    vPortFree                                0x08004481   Thumb Code   140  heap_4.o(i.vPortFree)
    vPortSetupTimerInterrupt                 0x08004515   Thumb Code    26  port.o(i.vPortSetupTimerInterrupt)
    vTaskDelay                               0x08004535   Thumb Code    82  tasks.o(i.vTaskDelay)
    vTaskStartScheduler                      0x08004591   Thumb Code   108  tasks.o(i.vTaskStartScheduler)
    vTaskSuspendAll                          0x08004619   Thumb Code    12  tasks.o(i.vTaskSuspendAll)
    vTaskSwitchContext                       0x08004629   Thumb Code   118  tasks.o(i.vTaskSwitchContext)
    xPortStartScheduler                      0x080046b5   Thumb Code   140  port.o(i.xPortStartScheduler)
    xPortSysTickHandler                      0x08004755   Thumb Code    46  port.o(i.xPortSysTickHandler)
    xTaskCreate                              0x08004789   Thumb Code    96  tasks.o(i.xTaskCreate)
    xTaskGetSchedulerState                   0x080047e9   Thumb Code    24  tasks.o(i.xTaskGetSchedulerState)
    xTaskIncrementTick                       0x08004809   Thumb Code   282  tasks.o(i.xTaskIncrementTick)
    xTaskResumeAll                           0x08004951   Thumb Code   224  tasks.o(i.xTaskResumeAll)
    AHBPrescTable                            0x08004a90   Data          16  system_stm32f1xx.o(.constdata)
    APBPrescTable                            0x08004aa0   Data           8  system_stm32f1xx.o(.constdata)
    Region$$Table$$Base                      0x08004acc   Number         0  anon$$obj.o(Region$$Table)
    Region$$Table$$Limit                     0x08004aec   Number         0  anon$$obj.o(Region$$Table)
    stop_run                                 0x20000000   Data           1  freertos.o(.data)
    defaultTaskHandle                        0x20000004   Data           4  freertos.o(.data)
    myTask02Handle                           0x20000008   Data           4  freertos.o(.data)
    myTask03Handle                           0x2000000c   Data           4  freertos.o(.data)
    giv_sys_time                             0x20000028   Data           4  stm32f1xx_it.o(.data)
    clear_num                                0x2000002c   Data           4  stm32f1xx_it.o(.data)
    move_base_ring                           0x20000030   Data           4  stm32f1xx_it.o(.data)
    andr_order                               0x20000034   Data           1  stm32f1xx_it.o(.data)
    uwTick                                   0x2000003c   Data           4  stm32f1xx_hal.o(.data)
    uwTickPrio                               0x20000040   Data           4  stm32f1xx_hal.o(.data)
    uwTickFreq                               0x20000044   Data           1  stm32f1xx_hal.o(.data)
    SystemCoreClock                          0x20000048   Data           4  system_stm32f1xx.o(.data)
    pxCurrentTCB                             0x20000070   Data           4  tasks.o(.data)
    uhADCxConvertedValue                     0x200000ac   Data         160  main.o(.bss)
    hadc1                                    0x2000014c   Data          48  adc.o(.bss)
    hdma_adc1                                0x2000017c   Data          68  adc.o(.bss)
    hiwdg                                    0x200001c0   Data          12  iwdg.o(.bss)
    htim2                                    0x200001cc   Data          64  tim.o(.bss)
    htim3                                    0x2000020c   Data          64  tim.o(.bss)
    htim4                                    0x2000024c   Data          64  tim.o(.bss)
    huart1                                   0x2000028c   Data          64  usart.o(.bss)
    huart3                                   0x200002cc   Data          64  usart.o(.bss)
    hdma_usart1_rx                           0x2000030c   Data          68  usart.o(.bss)
    hdma_usart1_tx                           0x20000350   Data          68  usart.o(.bss)
    hdma_usart3_rx                           0x20000394   Data          68  usart.o(.bss)
    hdma_usart3_tx                           0x200003d8   Data          68  usart.o(.bss)
    UART3ReceiveData                         0x2000041c   Data          20  stm32f1xx_it.o(.bss)
    s_and                                    0x20001120   Data          10  mydrive.o(.bss)
    __initial_sp                             0x20001530   Data           0  startup_stm32f103xb.o(STACK)



==============================================================================

Memory Map of the image

  Image Entry point : 0x080000ed

  Load Region LR_IROM1 (Base: 0x08000000, Size: 0x00004b98, Max: 0x00010000, ABSOLUTE)

    Execution Region ER_IROM1 (Exec base: 0x08000000, Load base: 0x08000000, Size: 0x00004aec, Max: 0x00010000, ABSOLUTE)

    Exec Addr    Load Addr    Size         Type   Attr      Idx    E Section Name        Object

    0x08000000   0x08000000   0x000000ec   Data   RO            3    RESET               startup_stm32f103xb.o
    0x080000ec   0x080000ec   0x00000000   Code   RO         4370  * .ARM.Collect$$$$00000000  mc_w.l(entry.o)
    0x080000ec   0x080000ec   0x00000004   Code   RO         4399    .ARM.Collect$$$$00000001  mc_w.l(entry2.o)
    0x080000f0   0x080000f0   0x00000004   Code   RO         4402    .ARM.Collect$$$$00000004  mc_w.l(entry5.o)
    0x080000f4   0x080000f4   0x00000000   Code   RO         4404    .ARM.Collect$$$$00000008  mc_w.l(entry7b.o)
    0x080000f4   0x080000f4   0x00000000   Code   RO         4406    .ARM.Collect$$$$0000000A  mc_w.l(entry8b.o)
    0x080000f4   0x080000f4   0x00000008   Code   RO         4407    .ARM.Collect$$$$0000000B  mc_w.l(entry9a.o)
    0x080000fc   0x080000fc   0x00000000   Code   RO         4409    .ARM.Collect$$$$0000000D  mc_w.l(entry10a.o)
    0x080000fc   0x080000fc   0x00000000   Code   RO         4411    .ARM.Collect$$$$0000000F  mc_w.l(entry11a.o)
    0x080000fc   0x080000fc   0x00000004   Code   RO         4400    .ARM.Collect$$$$00002712  mc_w.l(entry2.o)
    0x08000100   0x08000100   0x00000096   Code   RO         3229    .emb_text           port.o
    0x08000196   0x08000196   0x00000002   PAD
    0x08000198   0x08000198   0x00000024   Code   RO            4    .text               startup_stm32f103xb.o
    0x080001bc   0x080001bc   0x00000024   Code   RO         4375    .text               mc_w.l(memcpya.o)
    0x080001e0   0x080001e0   0x00000024   Code   RO         4422    .text               mc_w.l(init.o)
    0x08000204   0x08000204   0x00000052   Code   RO          695    i.ADC_ConversionStop_Disable  stm32f1xx_hal_adc.o
    0x08000256   0x08000256   0x00000052   Code   RO          696    i.ADC_DMAConvCplt   stm32f1xx_hal_adc.o
    0x080002a8   0x080002a8   0x0000001e   Code   RO          697    i.ADC_DMAError      stm32f1xx_hal_adc.o
    0x080002c6   0x080002c6   0x0000000e   Code   RO          698    i.ADC_DMAHalfConvCplt  stm32f1xx_hal_adc.o
    0x080002d4   0x080002d4   0x00000084   Code   RO          699    i.ADC_Enable        stm32f1xx_hal_adc.o
    0x08000358   0x08000358   0x00000004   Code   RO          515    i.BusFault_Handler  stm32f1xx_it.o
    0x0800035c   0x0800035c   0x00000010   Code   RO          516    i.DMA1_Channel1_IRQHandler  stm32f1xx_it.o
    0x0800036c   0x0800036c   0x00000010   Code   RO          517    i.DMA1_Channel2_IRQHandler  stm32f1xx_it.o
    0x0800037c   0x0800037c   0x00000010   Code   RO          518    i.DMA1_Channel3_IRQHandler  stm32f1xx_it.o
    0x0800038c   0x0800038c   0x00000010   Code   RO          519    i.DMA1_Channel4_IRQHandler  stm32f1xx_it.o
    0x0800039c   0x0800039c   0x00000010   Code   RO          520    i.DMA1_Channel5_IRQHandler  stm32f1xx_it.o
    0x080003ac   0x080003ac   0x0000002c   Code   RO         2574    i.DMA_SetConfig     stm32f1xx_hal_dma.o
    0x080003d8   0x080003d8   0x00000002   Code   RO          521    i.DebugMon_Handler  stm32f1xx_it.o
    0x080003da   0x080003da   0x00000002   PAD
    0x080003dc   0x080003dc   0x00000104   Code   RO          875    i.HAL_ADCEx_Calibration_Start  stm32f1xx_hal_adc_ex.o
    0x080004e0   0x080004e0   0x00000160   Code   RO          701    i.HAL_ADC_ConfigChannel  stm32f1xx_hal_adc.o
    0x08000640   0x08000640   0x00000002   Code   RO          702    i.HAL_ADC_ConvCpltCallback  stm32f1xx_hal_adc.o
    0x08000642   0x08000642   0x00000002   Code   RO          703    i.HAL_ADC_ConvHalfCpltCallback  stm32f1xx_hal_adc.o
    0x08000644   0x08000644   0x00000002   Code   RO          705    i.HAL_ADC_ErrorCallback  stm32f1xx_hal_adc.o
    0x08000646   0x08000646   0x00000002   PAD
    0x08000648   0x08000648   0x00000144   Code   RO          710    i.HAL_ADC_Init      stm32f1xx_hal_adc.o
    0x0800078c   0x0800078c   0x000000c4   Code   RO          243    i.HAL_ADC_MspInit   adc.o
    0x08000850   0x08000850   0x00000180   Code   RO          717    i.HAL_ADC_Start_DMA  stm32f1xx_hal_adc.o
    0x080009d0   0x080009d0   0x0000003a   Code   RO         2575    i.HAL_DMA_Abort     stm32f1xx_hal_dma.o
    0x08000a0a   0x08000a0a   0x00000002   PAD
    0x08000a0c   0x08000a0c   0x000000b0   Code   RO         2576    i.HAL_DMA_Abort_IT  stm32f1xx_hal_dma.o
    0x08000abc   0x08000abc   0x0000019c   Code   RO         2580    i.HAL_DMA_IRQHandler  stm32f1xx_hal_dma.o
    0x08000c58   0x08000c58   0x00000070   Code   RO         2581    i.HAL_DMA_Init      stm32f1xx_hal_dma.o
    0x08000cc8   0x08000cc8   0x0000009c   Code   RO         2585    i.HAL_DMA_Start_IT  stm32f1xx_hal_dma.o
    0x08000d64   0x08000d64   0x0000031c   Code   RO         2511    i.HAL_GPIO_Init     stm32f1xx_hal_gpio.o
    0x08001080   0x08001080   0x00000010   Code   RO         2513    i.HAL_GPIO_ReadPin  stm32f1xx_hal_gpio.o
    0x08001090   0x08001090   0x00000008   Code   RO         2514    i.HAL_GPIO_TogglePin  stm32f1xx_hal_gpio.o
    0x08001098   0x08001098   0x0000000c   Code   RO         2515    i.HAL_GPIO_WritePin  stm32f1xx_hal_gpio.o
    0x080010a4   0x080010a4   0x0000000c   Code   RO         2217    i.HAL_GetTick       stm32f1xx_hal.o
    0x080010b0   0x080010b0   0x00000050   Code   RO          971    i.HAL_IWDG_Init     stm32f1xx_hal_iwdg.o
    0x08001100   0x08001100   0x0000000e   Code   RO          972    i.HAL_IWDG_Refresh  stm32f1xx_hal_iwdg.o
    0x0800110e   0x0800110e   0x00000002   PAD
    0x08001110   0x08001110   0x00000018   Code   RO         2221    i.HAL_IncTick       stm32f1xx_hal.o
    0x08001128   0x08001128   0x00000028   Code   RO         2222    i.HAL_Init          stm32f1xx_hal.o
    0x08001150   0x08001150   0x0000004c   Code   RO         2223    i.HAL_InitTick      stm32f1xx_hal.o
    0x0800119c   0x0800119c   0x000000a8   Code   RO          635    i.HAL_MspInit       stm32f1xx_hal_msp.o
    0x08001244   0x08001244   0x0000001a   Code   RO         2671    i.HAL_NVIC_EnableIRQ  stm32f1xx_hal_cortex.o
    0x0800125e   0x0800125e   0x0000007c   Code   RO         2677    i.HAL_NVIC_SetPriority  stm32f1xx_hal_cortex.o
    0x080012da   0x080012da   0x00000002   PAD
    0x080012dc   0x080012dc   0x00000028   Code   RO         2678    i.HAL_NVIC_SetPriorityGrouping  stm32f1xx_hal_cortex.o
    0x08001304   0x08001304   0x00000120   Code   RO         2473    i.HAL_RCCEx_GetPeriphCLKFreq  stm32f1xx_hal_rcc_ex.o
    0x08001424   0x08001424   0x00000130   Code   RO         2474    i.HAL_RCCEx_PeriphCLKConfig  stm32f1xx_hal_rcc_ex.o
    0x08001554   0x08001554   0x000001a4   Code   RO         2366    i.HAL_RCC_ClockConfig  stm32f1xx_hal_rcc.o
    0x080016f8   0x080016f8   0x0000000c   Code   RO         2371    i.HAL_RCC_GetHCLKFreq  stm32f1xx_hal_rcc.o
    0x08001704   0x08001704   0x00000020   Code   RO         2373    i.HAL_RCC_GetPCLK1Freq  stm32f1xx_hal_rcc.o
    0x08001724   0x08001724   0x00000020   Code   RO         2374    i.HAL_RCC_GetPCLK2Freq  stm32f1xx_hal_rcc.o
    0x08001744   0x08001744   0x00000094   Code   RO         2375    i.HAL_RCC_GetSysClockFreq  stm32f1xx_hal_rcc.o
    0x080017d8   0x080017d8   0x00000440   Code   RO         2378    i.HAL_RCC_OscConfig  stm32f1xx_hal_rcc.o
    0x08001c18   0x08001c18   0x00000028   Code   RO         2680    i.HAL_SYSTICK_CLKSourceConfig  stm32f1xx_hal_cortex.o
    0x08001c40   0x08001c40   0x00000034   Code   RO         2682    i.HAL_SYSTICK_Config  stm32f1xx_hal_cortex.o
    0x08001c74   0x08001c74   0x00000002   Code   RO         1642    i.HAL_TIMEx_BreakCallback  stm32f1xx_hal_tim_ex.o
    0x08001c76   0x08001c76   0x00000002   Code   RO         1643    i.HAL_TIMEx_CommutationCallback  stm32f1xx_hal_tim_ex.o
    0x08001c78   0x08001c78   0x00000062   Code   RO         1659    i.HAL_TIMEx_MasterConfigSynchronization  stm32f1xx_hal_tim_ex.o
    0x08001cda   0x08001cda   0x00000034   Code   RO         1003    i.HAL_TIM_Base_Init  stm32f1xx_hal_tim.o
    0x08001d0e   0x08001d0e   0x00000002   PAD
    0x08001d10   0x08001d10   0x00000090   Code   RO          408    i.HAL_TIM_Base_MspInit  tim.o
    0x08001da0   0x08001da0   0x0000001e   Code   RO         1008    i.HAL_TIM_Base_Start_IT  stm32f1xx_hal_tim.o
    0x08001dbe   0x08001dbe   0x00000132   Code   RO         1012    i.HAL_TIM_ConfigClockSource  stm32f1xx_hal_tim.o
    0x08001ef0   0x08001ef0   0x00000002   Code   RO         1032    i.HAL_TIM_IC_CaptureCallback  stm32f1xx_hal_tim.o
    0x08001ef2   0x08001ef2   0x00000196   Code   RO         1045    i.HAL_TIM_IRQHandler  stm32f1xx_hal_tim.o
    0x08002088   0x08002088   0x0000007c   Code   RO          409    i.HAL_TIM_MspPostInit  tim.o
    0x08002104   0x08002104   0x00000002   Code   RO         1048    i.HAL_TIM_OC_DelayElapsedCallback  stm32f1xx_hal_tim.o
    0x08002106   0x08002106   0x00000108   Code   RO         1069    i.HAL_TIM_PWM_ConfigChannel  stm32f1xx_hal_tim.o
    0x0800220e   0x0800220e   0x00000034   Code   RO         1072    i.HAL_TIM_PWM_Init  stm32f1xx_hal_tim.o
    0x08002242   0x08002242   0x00000002   Code   RO         1074    i.HAL_TIM_PWM_MspInit  stm32f1xx_hal_tim.o
    0x08002244   0x08002244   0x00000002   Code   RO         1075    i.HAL_TIM_PWM_PulseFinishedCallback  stm32f1xx_hal_tim.o
    0x08002246   0x08002246   0x00000002   Code   RO         1082    i.HAL_TIM_PeriodElapsedCallback  stm32f1xx_hal_tim.o
    0x08002248   0x08002248   0x00000002   Code   RO         1086    i.HAL_TIM_TriggerCallback  stm32f1xx_hal_tim.o
    0x0800224a   0x0800224a   0x00000066   Code   RO         1894    i.HAL_UART_DMAStop  stm32f1xx_hal_uart.o
    0x080022b0   0x080022b0   0x00000002   Code   RO         1896    i.HAL_UART_ErrorCallback  stm32f1xx_hal_uart.o
    0x080022b2   0x080022b2   0x00000002   PAD
    0x080022b4   0x080022b4   0x0000014c   Code   RO         1899    i.HAL_UART_IRQHandler  stm32f1xx_hal_uart.o
    0x08002400   0x08002400   0x00000072   Code   RO         1900    i.HAL_UART_Init     stm32f1xx_hal_uart.o
    0x08002472   0x08002472   0x00000002   PAD
    0x08002474   0x08002474   0x000001e4   Code   RO          468    i.HAL_UART_MspInit  usart.o
    0x08002658   0x08002658   0x000000c4   Code   RO         1904    i.HAL_UART_Receive_DMA  stm32f1xx_hal_uart.o
    0x0800271c   0x0800271c   0x00000002   Code   RO         1906    i.HAL_UART_RxCpltCallback  stm32f1xx_hal_uart.o
    0x0800271e   0x0800271e   0x00000002   Code   RO         1907    i.HAL_UART_RxHalfCpltCallback  stm32f1xx_hal_uart.o
    0x08002720   0x08002720   0x00000002   Code   RO         1911    i.HAL_UART_TxCpltCallback  stm32f1xx_hal_uart.o
    0x08002722   0x08002722   0x00000004   Code   RO          522    i.HardFault_Handler  stm32f1xx_it.o
    0x08002726   0x08002726   0x00000002   PAD
    0x08002728   0x08002728   0x0000015c   Code   RO          244    i.MX_ADC1_Init      adc.o
    0x08002884   0x08002884   0x00000074   Code   RO          284    i.MX_DMA_Init       dma.o
    0x080028f8   0x080028f8   0x00000060   Code   RO          308    i.MX_FREERTOS_Init  freertos.o
    0x08002958   0x08002958   0x00000188   Code   RO          218    i.MX_GPIO_Init      gpio.o
    0x08002ae0   0x08002ae0   0x0000003c   Code   RO          377    i.MX_IWDG_Init      iwdg.o
    0x08002b1c   0x08002b1c   0x00000078   Code   RO          410    i.MX_TIM2_Init      tim.o
    0x08002b94   0x08002b94   0x000000d8   Code   RO          411    i.MX_TIM3_Init      tim.o
    0x08002c6c   0x08002c6c   0x000000d8   Code   RO          412    i.MX_TIM4_Init      tim.o
    0x08002d44   0x08002d44   0x0000004c   Code   RO          469    i.MX_USART1_UART_Init  usart.o
    0x08002d90   0x08002d90   0x0000004c   Code   RO          470    i.MX_USART3_UART_Init  usart.o
    0x08002ddc   0x08002ddc   0x00000004   Code   RO          523    i.MemManage_Handler  stm32f1xx_it.o
    0x08002de0   0x08002de0   0x00000002   Code   RO          524    i.NMI_Handler       stm32f1xx_it.o
    0x08002de2   0x08002de2   0x00000002   PAD
    0x08002de4   0x08002de4   0x00000010   Code   RO         2684    i.NVIC_GetPriorityGrouping  stm32f1xx_hal_cortex.o
    0x08002df4   0x08002df4   0x00000028   Code   RO         2685    i.NVIC_SetPriority  stm32f1xx_hal_cortex.o
    0x08002e1c   0x08002e1c   0x00000028   Code   RO         2379    i.RCC_Delay         stm32f1xx_hal_rcc.o
    0x08002e44   0x08002e44   0x00000214   Code   RO          309    i.StartDefaultTask  freertos.o
    0x08003058   0x08003058   0x0000029c   Code   RO          310    i.StartTask02       freertos.o
    0x080032f4   0x080032f4   0x00000020   Code   RO          311    i.StartTask03       freertos.o
    0x08003314   0x08003314   0x0000000c   Code   RO          525    i.SysTick_Handler   stm32f1xx_it.o
    0x08003320   0x08003320   0x000000b0   Code   RO           13    i.SystemClock_Config  main.o
    0x080033d0   0x080033d0   0x00000058   Code   RO         3126    i.SystemInit        system_stm32f1xx.o
    0x08003428   0x08003428   0x00000060   Code   RO          526    i.TIM2_IRQHandler   stm32f1xx_it.o
    0x08003488   0x08003488   0x00000074   Code   RO         1087    i.TIM_Base_SetConfig  stm32f1xx_hal_tim.o
    0x080034fc   0x080034fc   0x00000018   Code   RO         1094    i.TIM_ETR_SetConfig  stm32f1xx_hal_tim.o
    0x08003514   0x08003514   0x00000014   Code   RO         1095    i.TIM_ITRx_SetConfig  stm32f1xx_hal_tim.o
    0x08003528   0x08003528   0x00000064   Code   RO         1096    i.TIM_OC1_SetConfig  stm32f1xx_hal_tim.o
    0x0800358c   0x0800358c   0x00000070   Code   RO         1097    i.TIM_OC2_SetConfig  stm32f1xx_hal_tim.o
    0x080035fc   0x080035fc   0x0000006c   Code   RO         1098    i.TIM_OC3_SetConfig  stm32f1xx_hal_tim.o
    0x08003668   0x08003668   0x00000050   Code   RO         1099    i.TIM_OC4_SetConfig  stm32f1xx_hal_tim.o
    0x080036b8   0x080036b8   0x0000002a   Code   RO         1101    i.TIM_TI1_ConfigInputStage  stm32f1xx_hal_tim.o
    0x080036e2   0x080036e2   0x0000002c   Code   RO         1103    i.TIM_TI2_ConfigInputStage  stm32f1xx_hal_tim.o
    0x0800370e   0x0800370e   0x00000014   Code   RO         1913    i.UART_DMAAbortOnError  stm32f1xx_hal_uart.o
    0x08003722   0x08003722   0x00000050   Code   RO         1914    i.UART_DMAError     stm32f1xx_hal_uart.o
    0x08003772   0x08003772   0x00000046   Code   RO         1915    i.UART_DMAReceiveCplt  stm32f1xx_hal_uart.o
    0x080037b8   0x080037b8   0x0000000e   Code   RO         1917    i.UART_DMARxHalfCplt  stm32f1xx_hal_uart.o
    0x080037c6   0x080037c6   0x00000020   Code   RO         1923    i.UART_EndRxTransfer  stm32f1xx_hal_uart.o
    0x080037e6   0x080037e6   0x00000020   Code   RO         1924    i.UART_EndTransmit_IT  stm32f1xx_hal_uart.o
    0x08003806   0x08003806   0x00000014   Code   RO         1925    i.UART_EndTxTransfer  stm32f1xx_hal_uart.o
    0x0800381a   0x0800381a   0x000000a6   Code   RO         1926    i.UART_Receive_IT   stm32f1xx_hal_uart.o
    0x080038c0   0x080038c0   0x000001c8   Code   RO         1927    i.UART_SetConfig    stm32f1xx_hal_uart.o
    0x08003a88   0x08003a88   0x00000068   Code   RO         1928    i.UART_Transmit_IT  stm32f1xx_hal_uart.o
    0x08003af0   0x08003af0   0x00000010   Code   RO          527    i.USART1_IRQHandler  stm32f1xx_it.o
    0x08003b00   0x08003b00   0x000000a8   Code   RO          528    i.USART3_IRQHandler  stm32f1xx_it.o
    0x08003ba8   0x08003ba8   0x00000004   Code   RO          529    i.UsageFault_Handler  stm32f1xx_it.o
    0x08003bac   0x08003bac   0x00000004   Code   RO           14    i._Error_Handler    main.o
    0x08003bb0   0x08003bb0   0x0000000e   Code   RO         4426    i.__scatterload_copy  mc_w.l(handlers.o)
    0x08003bbe   0x08003bbe   0x00000002   Code   RO         4427    i.__scatterload_null  mc_w.l(handlers.o)
    0x08003bc0   0x08003bc0   0x0000000e   Code   RO         4428    i.__scatterload_zeroinit  mc_w.l(handlers.o)
    0x08003bce   0x08003bce   0x00000002   PAD
    0x08003bd0   0x08003bd0   0x00000030   Code   RO         4259    i.account_current   mydrive.o
    0x08003c00   0x08003c00   0x00000134   Code   RO           15    i.main              main.o
    0x08003d34   0x08003d34   0x0000000e   Code   RO         3882    i.makeFreeRtosPriority  cmsis_os.o
    0x08003d42   0x08003d42   0x00000018   Code   RO         3884    i.osDelay           cmsis_os.o
    0x08003d5a   0x08003d5a   0x0000000a   Code   RO         3887    i.osKernelStart     cmsis_os.o
    0x08003d64   0x08003d64   0x00000010   Code   RO         3920    i.osSystickHandler  cmsis_os.o
    0x08003d74   0x08003d74   0x00000030   Code   RO         3921    i.osThreadCreate    cmsis_os.o
    0x08003da4   0x08003da4   0x00000098   Code   RO         3587    i.prvAddCurrentTaskToDelayedList  tasks.o
    0x08003e3c   0x08003e3c   0x000000b4   Code   RO         3588    i.prvAddNewTaskToReadyList  tasks.o
    0x08003ef0   0x08003ef0   0x00000064   Code   RO         3589    i.prvCheckTasksWaitingTermination  tasks.o
    0x08003f54   0x08003f54   0x00000012   Code   RO         3590    i.prvDeleteTCB      tasks.o
    0x08003f66   0x08003f66   0x00000002   PAD
    0x08003f68   0x08003f68   0x0000007c   Code   RO         3159    i.prvHeapInit       heap_4.o
    0x08003fe4   0x08003fe4   0x00000028   Code   RO         3591    i.prvIdleTask       tasks.o
    0x0800400c   0x0800400c   0x000000aa   Code   RO         3592    i.prvInitialiseNewTask  tasks.o
    0x080040b6   0x080040b6   0x00000002   PAD
    0x080040b8   0x080040b8   0x00000068   Code   RO         3593    i.prvInitialiseTaskLists  tasks.o
    0x08004120   0x08004120   0x00000068   Code   RO         3160    i.prvInsertBlockIntoFreeList  heap_4.o
    0x08004188   0x08004188   0x00000034   Code   RO         3594    i.prvResetNextTaskUnblockTime  tasks.o
    0x080041bc   0x080041bc   0x00000040   Code   RO         3230    i.prvTaskExitError  port.o
    0x080041fc   0x080041fc   0x0000013c   Code   RO         3161    i.pvPortMalloc      heap_4.o
    0x08004338   0x08004338   0x00000024   Code   RO         3231    i.pxPortInitialiseStack  port.o
    0x0800435c   0x0800435c   0x00000028   Code   RO         3395    i.uxListRemove      list.o
    0x08004384   0x08004384   0x0000001a   Code   RO         3396    i.vListInitialise   list.o
    0x0800439e   0x0800439e   0x00000006   Code   RO         3397    i.vListInitialiseItem  list.o
    0x080043a4   0x080043a4   0x00000034   Code   RO         3398    i.vListInsert       list.o
    0x080043d8   0x080043d8   0x00000018   Code   RO         3399    i.vListInsertEnd    list.o
    0x080043f0   0x080043f0   0x00000054   Code   RO         3233    i.vPortEnterCritical  port.o
    0x08004444   0x08004444   0x0000003c   Code   RO         3234    i.vPortExitCritical  port.o
    0x08004480   0x08004480   0x00000094   Code   RO         3162    i.vPortFree         heap_4.o
    0x08004514   0x08004514   0x00000020   Code   RO         3235    i.vPortSetupTimerInterrupt  port.o
    0x08004534   0x08004534   0x0000005c   Code   RO         3602    i.vTaskDelay        tasks.o
    0x08004590   0x08004590   0x00000088   Code   RO         3613    i.vTaskStartScheduler  tasks.o
    0x08004618   0x08004618   0x00000010   Code   RO         3615    i.vTaskSuspendAll   tasks.o
    0x08004628   0x08004628   0x0000008c   Code   RO         3616    i.vTaskSwitchContext  tasks.o
    0x080046b4   0x080046b4   0x000000a0   Code   RO         3237    i.xPortStartScheduler  port.o
    0x08004754   0x08004754   0x00000034   Code   RO         3238    i.xPortSysTickHandler  port.o
    0x08004788   0x08004788   0x00000060   Code   RO         3618    i.xTaskCreate       tasks.o
    0x080047e8   0x080047e8   0x00000020   Code   RO         3622    i.xTaskGetSchedulerState  tasks.o
    0x08004808   0x08004808   0x00000148   Code   RO         3625    i.xTaskIncrementTick  tasks.o
    0x08004950   0x08004950   0x00000104   Code   RO         3631    i.xTaskResumeAll    tasks.o
    0x08004a54   0x08004a54   0x0000003c   Data   RO          312    .constdata          freertos.o
    0x08004a90   0x08004a90   0x00000018   Data   RO         3127    .constdata          system_stm32f1xx.o
    0x08004aa8   0x08004aa8   0x00000024   Data   RO          313    .conststring        freertos.o
    0x08004acc   0x08004acc   0x00000020   Data   RO         4424    Region$$Table       anon$$obj.o


    Execution Region RW_IRAM1 (Exec base: 0x20000000, Load base: 0x08004aec, Size: 0x00001530, Max: 0x00005000, ABSOLUTE)

    Exec Addr    Load Addr    Size         Type   Attr      Idx    E Section Name        Object

    0x20000000   0x08004aec   0x00000028   Data   RW          314    .data               freertos.o
    0x20000028   0x08004b14   0x00000013   Data   RW          531    .data               stm32f1xx_it.o
    0x2000003b   0x08004b27   0x00000001   PAD
    0x2000003c   0x08004b28   0x00000009   Data   RW         2229    .data               stm32f1xx_hal.o
    0x20000045   0x08004b31   0x00000003   PAD
    0x20000048   0x08004b34   0x00000004   Data   RW         3128    .data               system_stm32f1xx.o
    0x2000004c   0x08004b38   0x00000018   Data   RW         3167    .data               heap_4.o
    0x20000064   0x08004b50   0x0000000c   Data   RW         3239    .data               port.o
    0x20000070   0x08004b5c   0x0000003c   Data   RW         3634    .data               tasks.o
    0x200000ac        -       0x000000a0   Zero   RW           16    .bss                main.o
    0x2000014c        -       0x00000074   Zero   RW          245    .bss                adc.o
    0x200001c0        -       0x0000000c   Zero   RW          378    .bss                iwdg.o
    0x200001cc        -       0x000000c0   Zero   RW          413    .bss                tim.o
    0x2000028c        -       0x00000190   Zero   RW          471    .bss                usart.o
    0x2000041c        -       0x00000014   Zero   RW          530    .bss                stm32f1xx_it.o
    0x20000430        -       0x00000c00   Zero   RW         3166    .bss                heap_4.o
    0x20001030        -       0x000000f0   Zero   RW         3633    .bss                tasks.o
    0x20001120        -       0x0000000a   Zero   RW         4260    .bss                mydrive.o
    0x2000112a   0x08004b98   0x00000006   PAD
    0x20001130        -       0x00000400   Zero   RW            1    STACK               startup_stm32f103xb.o


==============================================================================

Image component sizes


      Code (inc. data)   RO Data    RW Data    ZI Data      Debug   Object Name

       544         68          0          0        116       2011   adc.o
       112          0          0          0          0      13206   cmsis_os.o
       116          4          0          0          0        814   dma.o
         0          0          0          0          0       8188   event_groups.o
      1328        100         96         40          0       8010   freertos.o
       392         20          0          0          0       1139   gpio.o
       692         62          0         24       3072       8931   heap_4.o
        60         24          0          0         12        715   iwdg.o
       148          0          0          0          0       3606   list.o
       488         70          0          0        160     482960   main.o
        48          4          0          0         10       5145   mydrive.o
       638         66          0         12          0      10552   port.o
        36          8        236          0       1024        808   startup_stm32f103xb.o
       152         32          0          9          0       3401   stm32f1xx_hal.o
      1406         56          0          0          0       8654   stm32f1xx_hal_adc.o
       260          4          0          0          0       1510   stm32f1xx_hal_adc_ex.o
       338         22          0          0          0      27041   stm32f1xx_hal_cortex.o
       958         12          0          0          0       5006   stm32f1xx_hal_dma.o
       832         32          0          0          0       4028   stm32f1xx_hal_gpio.o
        94          0          0          0          0       1787   stm32f1xx_hal_iwdg.o
       168         10          0          0          0        998   stm32f1xx_hal_msp.o
      1772        108          0          0          0       6176   stm32f1xx_hal_rcc.o
       592         48          0          0          0       2497   stm32f1xx_hal_rcc_ex.o
      1768         34          0          0          0      15108   stm32f1xx_hal_tim.o
       102          0          0          0          0       2374   stm32f1xx_hal_tim_ex.o
      1746         26          0          0          0      12375   stm32f1xx_hal_uart.o
       392         68          0         19         20      12831   stm32f1xx_it.o
        88         18         24          4          0       1255   system_stm32f1xx.o
      1916        278          0         60        240      16362   tasks.o
       820        104          0          0        192       3938   tim.o
       636        110          0          0        400       2707   usart.o

    ----------------------------------------------------------------------
     18668       1388        388        172       5252     674133   Object Totals
         0          0         32          0          0          0   (incl. Generated)
        26          0          0          4          6          0   (incl. Padding)

    ----------------------------------------------------------------------

      Code (inc. data)   RO Data    RW Data    ZI Data      Debug   Library Member Name

         0          0          0          0          0          0   entry.o
         0          0          0          0          0          0   entry10a.o
         0          0          0          0          0          0   entry11a.o
         8          4          0          0          0          0   entry2.o
         4          0          0          0          0          0   entry5.o
         0          0          0          0          0          0   entry7b.o
         0          0          0          0          0          0   entry8b.o
         8          4          0          0          0          0   entry9a.o
        30          0          0          0          0          0   handlers.o
        36          8          0          0          0         68   init.o
        36          0          0          0          0         68   memcpya.o

    ----------------------------------------------------------------------
       124         16          0          0          0        136   Library Totals
         2          0          0          0          0          0   (incl. Padding)

    ----------------------------------------------------------------------

      Code (inc. data)   RO Data    RW Data    ZI Data      Debug   Library Name

       122         16          0          0          0        136   mc_w.l

    ----------------------------------------------------------------------
       124         16          0          0          0        136   Library Totals

    ----------------------------------------------------------------------

==============================================================================


      Code (inc. data)   RO Data    RW Data    ZI Data      Debug   

     18792       1404        388        172       5252     666257   Grand Totals
     18792       1404        388        172       5252     666257   ELF Image Totals
     18792       1404        388        172          0          0   ROM Totals

==============================================================================

    Total RO  Size (Code + RO Data)                19180 (  18.73kB)
    Total RW  Size (RW Data + ZI Data)              5424 (   5.30kB)
    Total ROM Size (Code + RO Data + RW Data)      19352 (  18.90kB)

==============================================================================

